Archive member included because of file (symbol)

c:/altera/12.0sp2/nios2eds/bin/gnu/h-i686-mingw32/bin/../lib/gcc/nios2-elf/4.1.2/../../../../nios2-elf/lib\libm.a(lib_a-w_sqrt.o)
                              obj/default/Game.o (sqrt)
c:/altera/12.0sp2/nios2eds/bin/gnu/h-i686-mingw32/bin/../lib/gcc/nios2-elf/4.1.2/../../../../nios2-elf/lib\libm.a(lib_a-e_sqrt.o)
                              c:/altera/12.0sp2/nios2eds/bin/gnu/h-i686-mingw32/bin/../lib/gcc/nios2-elf/4.1.2/../../../../nios2-elf/lib\libm.a(lib_a-w_sqrt.o) (__ieee754_sqrt)
c:/altera/12.0sp2/nios2eds/bin/gnu/h-i686-mingw32/bin/../lib/gcc/nios2-elf/4.1.2/../../../../nios2-elf/lib\libm.a(lib_a-s_isnand.o)
                              c:/altera/12.0sp2/nios2eds/bin/gnu/h-i686-mingw32/bin/../lib/gcc/nios2-elf/4.1.2/../../../../nios2-elf/lib\libm.a(lib_a-w_sqrt.o) (__isnand)
c:/altera/12.0sp2/nios2eds/bin/gnu/h-i686-mingw32/bin/../lib/gcc/nios2-elf/4.1.2/../../../../nios2-elf/lib\libm.a(lib_a-s_lib_ver.o)
                              c:/altera/12.0sp2/nios2eds/bin/gnu/h-i686-mingw32/bin/../lib/gcc/nios2-elf/4.1.2/../../../../nios2-elf/lib\libm.a(lib_a-w_sqrt.o) (__fdlib_version)
c:/altera/12.0sp2/nios2eds/bin/gnu/h-i686-mingw32/bin/../lib/gcc/nios2-elf/4.1.2/../../../../nios2-elf/lib\libm.a(lib_a-s_matherr.o)
                              c:/altera/12.0sp2/nios2eds/bin/gnu/h-i686-mingw32/bin/../lib/gcc/nios2-elf/4.1.2/../../../../nios2-elf/lib\libm.a(lib_a-w_sqrt.o) (matherr)
c:/altera/12.0sp2/nios2eds/bin/gnu/h-i686-mingw32/bin/../lib/gcc/nios2-elf/4.1.2\libgcc.a(_le_sf.o)
                              obj/default/Game.o (__lesf2)
c:/altera/12.0sp2/nios2eds/bin/gnu/h-i686-mingw32/bin/../lib/gcc/nios2-elf/4.1.2\libgcc.a(_si_to_sf.o)
                              obj/default/Game.o (__floatsisf)
c:/altera/12.0sp2/nios2eds/bin/gnu/h-i686-mingw32/bin/../lib/gcc/nios2-elf/4.1.2\libgcc.a(_sf_to_df.o)
                              obj/default/Game.o (__extendsfdf2)
c:/altera/12.0sp2/nios2eds/bin/gnu/h-i686-mingw32/bin/../lib/gcc/nios2-elf/4.1.2\libgcc.a(_addsub_df.o)
                              c:/altera/12.0sp2/nios2eds/bin/gnu/h-i686-mingw32/bin/../lib/gcc/nios2-elf/4.1.2/../../../../nios2-elf/lib\libm.a(lib_a-e_sqrt.o) (__subdf3)
c:/altera/12.0sp2/nios2eds/bin/gnu/h-i686-mingw32/bin/../lib/gcc/nios2-elf/4.1.2\libgcc.a(_mul_df.o)
                              c:/altera/12.0sp2/nios2eds/bin/gnu/h-i686-mingw32/bin/../lib/gcc/nios2-elf/4.1.2/../../../../nios2-elf/lib\libm.a(lib_a-e_sqrt.o) (__muldf3)
c:/altera/12.0sp2/nios2eds/bin/gnu/h-i686-mingw32/bin/../lib/gcc/nios2-elf/4.1.2\libgcc.a(_div_df.o)
                              c:/altera/12.0sp2/nios2eds/bin/gnu/h-i686-mingw32/bin/../lib/gcc/nios2-elf/4.1.2/../../../../nios2-elf/lib\libm.a(lib_a-w_sqrt.o) (__divdf3)
c:/altera/12.0sp2/nios2eds/bin/gnu/h-i686-mingw32/bin/../lib/gcc/nios2-elf/4.1.2\libgcc.a(_lt_df.o)
                              c:/altera/12.0sp2/nios2eds/bin/gnu/h-i686-mingw32/bin/../lib/gcc/nios2-elf/4.1.2/../../../../nios2-elf/lib\libm.a(lib_a-w_sqrt.o) (__ltdf2)
c:/altera/12.0sp2/nios2eds/bin/gnu/h-i686-mingw32/bin/../lib/gcc/nios2-elf/4.1.2\libgcc.a(_make_df.o)
                              c:/altera/12.0sp2/nios2eds/bin/gnu/h-i686-mingw32/bin/../lib/gcc/nios2-elf/4.1.2\libgcc.a(_sf_to_df.o) (__make_dp)
c:/altera/12.0sp2/nios2eds/bin/gnu/h-i686-mingw32/bin/../lib/gcc/nios2-elf/4.1.2\libgcc.a(_df_to_sf.o)
                              obj/default/Game.o (__truncdfsf2)
c:/altera/12.0sp2/nios2eds/bin/gnu/h-i686-mingw32/bin/../lib/gcc/nios2-elf/4.1.2\libgcc.a(_thenan_df.o)
                              c:/altera/12.0sp2/nios2eds/bin/gnu/h-i686-mingw32/bin/../lib/gcc/nios2-elf/4.1.2\libgcc.a(_addsub_df.o) (__thenan_df)
c:/altera/12.0sp2/nios2eds/bin/gnu/h-i686-mingw32/bin/../lib/gcc/nios2-elf/4.1.2\libgcc.a(lib2-divmod.o)
                              obj/default/Game.o (__modsi3)
c:/altera/12.0sp2/nios2eds/bin/gnu/h-i686-mingw32/bin/../lib/gcc/nios2-elf/4.1.2\libgcc.a(_muldi3.o)
                              c:/altera/12.0sp2/nios2eds/bin/gnu/h-i686-mingw32/bin/../lib/gcc/nios2-elf/4.1.2\libgcc.a(_mul_df.o) (__muldi3)
c:/altera/12.0sp2/nios2eds/bin/gnu/h-i686-mingw32/bin/../lib/gcc/nios2-elf/4.1.2\libgcc.a(_clzsi2.o)
                              c:/altera/12.0sp2/nios2eds/bin/gnu/h-i686-mingw32/bin/../lib/gcc/nios2-elf/4.1.2\libgcc.a(_si_to_sf.o) (__clzsi2)
c:/altera/12.0sp2/nios2eds/bin/gnu/h-i686-mingw32/bin/../lib/gcc/nios2-elf/4.1.2\libgcc.a(_pack_sf.o)
                              c:/altera/12.0sp2/nios2eds/bin/gnu/h-i686-mingw32/bin/../lib/gcc/nios2-elf/4.1.2\libgcc.a(_si_to_sf.o) (__pack_f)
c:/altera/12.0sp2/nios2eds/bin/gnu/h-i686-mingw32/bin/../lib/gcc/nios2-elf/4.1.2\libgcc.a(_unpack_sf.o)
                              c:/altera/12.0sp2/nios2eds/bin/gnu/h-i686-mingw32/bin/../lib/gcc/nios2-elf/4.1.2\libgcc.a(_le_sf.o) (__unpack_f)
[...]
Memory Configuration

Name             Origin             Length             Attributes
reset            0x00800000         0x00000020
sdram            0x00800020         0x007fffe0
*default*        0x00000000         0xffffffff

Linker script and memory map

LOAD ../TowerDefence_bsp//obj/HAL/src/crt0.o
LOAD obj/default/Env.o
LOAD obj/default/Frame.o
LOAD obj/default/Game.o
LOAD obj/default/GameInfo.o
LOAD obj/default/Object.o
LOAD obj/default/animation.o
LOAD obj/default/hardCode.o
LOAD c:/altera/12.0sp2/nios2eds/bin/gnu/h-i686-mingw32/bin/../lib/gcc/nios2-elf/4.1.2/../../../../nios2-elf/lib\libstdc++.a
LOAD c:/altera/12.0sp2/nios2eds/bin/gnu/h-i686-mingw32/bin/../lib/gcc/nios2-elf/4.1.2/../../../../nios2-elf/lib\libm.a
LOAD c:/altera/12.0sp2/nios2eds/bin/gnu/h-i686-mingw32/bin/../lib/gcc/nios2-elf/4.1.2\libgcc.a
START GROUP
LOAD c:/altera/12.0sp2/nios2eds/bin/gnu/h-i686-mingw32/bin/../lib/gcc/nios2-elf/4.1.2/../../../../nios2-elf/lib\libc.a
LOAD c:/altera/12.0sp2/nios2eds/bin/gnu/h-i686-mingw32/bin/../lib/gcc/nios2-elf/4.1.2\libgcc.a
LOAD ../TowerDefence_bsp/\libhal_bsp.a
END GROUP
LOAD c:/altera/12.0sp2/nios2eds/bin/gnu/h-i686-mingw32/bin/../lib/gcc/nios2-elf/4.1.2\libgcc.a
                0x00800000                __alt_mem_sdram = 0x800000

.entry          0x00800000       0x20
 *(.entry)
 .entry         0x00800000       0x20 ../TowerDefence_bsp//obj/HAL/src/crt0.o
                0x00800000                __reset

.exceptions     0x00800020      0x194
                0x00800020                PROVIDE (__ram_exceptions_start, ABSOLUTE (.))
                0x00800020                . = ALIGN (0x20)
 *(.irq)
 *(.exceptions.entry.label)
 .exceptions.entry.label
                0x00800020        0x0 ../TowerDefence_bsp/\libhal_bsp.a(alt_irq_entry.o)
                0x00800020                alt_irq_entry
 .exceptions.entry.label
                0x00800020        0x0 ../TowerDefence_bsp/\libhal_bsp.a(alt_exception_entry.o)
                0x00800020                alt_exception
 *(.exceptions.entry.user)
 *(.exceptions.entry)
 .exceptions.entry
                0x00800020       0x54 ../TowerDefence_bsp/\libhal_bsp.a(alt_exception_entry.o)
 *(.exceptions.irqtest.user)
 *(.exceptions.irqtest)
 .exceptions.irqtest
                0x00800074       0x10 ../TowerDefence_bsp/\libhal_bsp.a(alt_irq_entry.o)
 *(.exceptions.irqhandler.user)
 *(.exceptions.irqhandler)
 .exceptions.irqhandler
                0x00800084        0x4 ../TowerDefence_bsp/\libhal_bsp.a(alt_irq_entry.o)
 *(.exceptions.irqreturn.user)
 *(.exceptions.irqreturn)
 .exceptions.irqreturn
                0x00800088        0x4 ../TowerDefence_bsp/\libhal_bsp.a(alt_irq_entry.o)
 *(.exceptions.notirq.label)
 .exceptions.notirq.label
                0x0080008c        0x0 ../TowerDefence_bsp/\libhal_bsp.a(alt_irq_entry.o)
 *(.exceptions.notirq.user)
 *(.exceptions.notirq)
 .exceptions.notirq
                0x0080008c        0x8 ../TowerDefence_bsp/\libhal_bsp.a(alt_exception_entry.o)
 *(.exceptions.soft.user)
 *(.exceptions.soft)
 *(.exceptions.unknown.user)
 *(.exceptions.unknown)
 .exceptions.unknown
                0x00800094        0x4 ../TowerDefence_bsp/\libhal_bsp.a(alt_exception_entry.o)
 *(.exceptions.exit.label)
 .exceptions.exit.label
                0x00800098        0x0 ../TowerDefence_bsp/\libhal_bsp.a(alt_irq_entry.o)
 .exceptions.exit.label
                0x00800098        0x0 ../TowerDefence_bsp/\libhal_bsp.a(alt_exception_entry.o)
 *(.exceptions.exit.user)
 *(.exceptions.exit)
 .exceptions.exit
                0x00800098       0x54 ../TowerDefence_bsp/\libhal_bsp.a(alt_exception_entry.o)
 *(.exceptions)
 .exceptions    0x008000ec       0xc8 ../TowerDefence_bsp/\libhal_bsp.a(alt_irq_handler.o)
                0x008000ec                alt_irq_handler
                0x008001b4                PROVIDE (__ram_exceptions_end, ABSOLUTE (.))
                0x00800020                PROVIDE (__flash_exceptions_start, LOADADDR (.exceptions))

.text           0x008001b4    0x15a64
                0x008001b4                PROVIDE (stext, ABSOLUTE (.))
 *(.interp)
 *(.hash)
 *(.dynsym)
 *(.dynstr)
 *(.gnu.version)
 *(.gnu.version_d)
 *(.gnu.version_r)
 *(.rel.init)
 *(.rela.init)
 *(.rel.text .rel.text.* .rel.gnu.linkonce.t.*)
 *(.rela.text .rela.text.* .rela.gnu.linkonce.t.*)
 *(.rel.fini)
 *(.rela.fini)
 *(.rel.rodata .rel.rodata.* .rel.gnu.linkonce.r.*)
 *(.rela.rodata .rela.rodata.* .rela.gnu.linkonce.r.*)
 *(.rel.data .rel.data.* .rel.gnu.linkonce.d.*)
 *(.rela.data .rela.data.* .rela.gnu.linkonce.d.*)
 *(.rel.tdata .rel.tdata.* .rel.gnu.linkonce.td.*)
 *(.rela.tdata .rela.tdata.* .rela.gnu.linkonce.td.*)
 *(.rel.tbss .rel.tbss.* .rel.gnu.linkonce.tb.*)
 *(.rela.tbss .rela.tbss.* .rela.gnu.linkonce.tb.*)
 *(.rel.ctors)
 *(.rela.ctors)
 *(.rel.dtors)
 *(.rela.dtors)
 *(.rel.got)
 *(.rela.got)
 *(.rel.sdata .rel.sdata.* .rel.gnu.linkonce.s.*)
 *(.rela.sdata .rela.sdata.* .rela.gnu.linkonce.s.*)
 *(.rel.sbss .rel.sbss.* .rel.gnu.linkonce.sb.*)
 *(.rela.sbss .rela.sbss.* .rela.gnu.linkonce.sb.*)
 *(.rel.sdata2 .rel.sdata2.* .rel.gnu.linkonce.s2.*)
 *(.rela.sdata2 .rela.sdata2.* .rela.gnu.linkonce.s2.*)
 *(.rel.sbss2 .rel.sbss2.* .rel.gnu.linkonce.sb2.*)
 *(.rela.sbss2 .rela.sbss2.* .rela.gnu.linkonce.sb2.*)
 *(.rel.bss .rel.bss.* .rel.gnu.linkonce.b.*)
 *(.rela.bss .rela.bss.* .rela.gnu.linkonce.b.*)
 *(.rel.plt)
 *(.rela.plt)
 *(.rel.dyn)
 *(.init)
 *(.plt)
 *(.text .stub .text.* .gnu.linkonce.t.*)
 .text          0x008001b4       0x4c ../TowerDefence_bsp//obj/HAL/src/crt0.o
                0x008001b4                _start
 .text          0x00800200      0x1c8 obj/default/Env.o
                0x00800200                initEnv
                0x0080027c                addToEnv
                0x008002d8                removeFromEnv
 .text          0x008003c8      0x898 obj/default/Frame.o
                0x008003c8                initFrame
                0x008004a0                initGamePanel
                0x0080064c                initScoreBoard
                0x008006f0                initCtrlPanel
                0x0080075c                initMsgBoard
                0x00800800                updateGamePanel
                0x00800888                updateCtrlPanel
                0x008008a8                updateMsgBoard
                0x008008c8                updateScoreFrame
                0x00800950                writeMSG
                0x00800994                updateMSG
 .text          0x00800c60     0x1238 obj/default/Game.o
                0x00800c60                distance
                0x00800d04                my_alarm_callback
                0x00800e40                initVGA
                0x00800eec                loadSDCard
                0x00800f80                loadSDImage
                0x00801248                loadSDImageSeq
                0x008013d0                backgroundImage
                0x00801434                checkCollision
                0x00801588                displayString
                0x008015d4                main
 .text          0x00801e98       0x70 obj/default/GameInfo.o
                0x00801e98                initGameInfo
                0x00801ee4                loadGameInfo
 .text          0x00801f08      0x308 obj/default/Object.o
                0x00801f08                initObject
                0x0080200c                killObject
                0x008020bc                setStats
                0x00802104                addStats
                0x00802160                setXY
 .text          0x00802210      0x7d4 obj/default/animation.o
                0x00802210                initAnimation
                0x008022c0                imageInDisk
                0x008022ec                killAnimation
                0x0080238c                addImage
                0x0080240c                draw
                0x00802500                cleanDrawing
                0x00802568                animated
                0x00802688                backgroundAnimation
                0x0080292c                getColor
                0x0080299c                getColor555
 .text          0x008029e4        0x0 obj/default/hardCode.o
 .text          0x008029e4      0x130 c:/altera/12.0sp2/nios2eds/bin/gnu/h-i686-mingw32/bin/../lib/gcc/nios2-elf/4.1.2/../../../../nios2-elf/lib\libm.a(lib_a-w_sqrt.o)
                0x008029e4                sqrt
 .text          0x00802b14      0x2c8 c:/altera/12.0sp2/nios2eds/bin/gnu/h-i686-mingw32/bin/../lib/gcc/nios2-elf/4.1.2/../../../../nios2-elf/lib\libm.a(lib_a-e_sqrt.o)
                0x00802b14                __ieee754_sqrt
 .text          0x00802ddc       0x30 c:/altera/12.0sp2/nios2eds/bin/gnu/h-i686-mingw32/bin/../lib/gcc/nios2-elf/4.1.2/../../../../nios2-elf/lib\libm.a(lib_a-s_isnand.o)
                0x00802ddc                __isnand
 .text          0x00802e0c        0x0 c:/altera/12.0sp2/nios2eds/bin/gnu/h-i686-mingw32/bin/../lib/gcc/nios2-elf/4.1.2/../../../../nios2-elf/lib\libm.a(lib_a-s_lib_ver.o)
 .text          0x00802e0c        0x8 c:/altera/12.0sp2/nios2eds/bin/gnu/h-i686-mingw32/bin/../lib/gcc/nios2-elf/4.1.2/../../../../nios2-elf/lib\libm.a(lib_a-s_matherr.o)
                0x00802e0c                matherr
 .text          0x00802e14       0x78 c:/altera/12.0sp2/nios2eds/bin/gnu/h-i686-mingw32/bin/../lib/gcc/nios2-elf/4.1.2\libgcc.a(_le_sf.o)
                0x00802e14                __lesf2
 .text          0x00802e8c       0x98 c:/altera/12.0sp2/nios2eds/bin/gnu/h-i686-mingw32/bin/../lib/gcc/nios2-elf/4.1.2\libgcc.a(_si_to_sf.o)
                0x00802e8c                __floatsisf
 .text          0x00802f24       0x54 c:/altera/12.0sp2/nios2eds/bin/gnu/h-i686-mingw32/bin/../lib/gcc/nios2-elf/4.1.2\libgcc.a(_sf_to_df.o)
                0x00802f24                __extendsfdf2
 .text          0x00802f78      0x504 c:/altera/12.0sp2/nios2eds/bin/gnu/h-i686-mingw32/bin/../lib/gcc/nios2-elf/4.1.2\libgcc.a(_addsub_df.o)
                0x00803388                __subdf3
                0x00803408                __adddf3
 .text          0x0080347c      0x3c4 c:/altera/12.0sp2/nios2eds/bin/gnu/h-i686-mingw32/bin/../lib/gcc/nios2-elf/4.1.2\libgcc.a(_mul_df.o)
                0x0080347c                __muldf3
 .text          0x00803840      0x258 c:/altera/12.0sp2/nios2eds/bin/gnu/h-i686-mingw32/bin/../lib/gcc/nios2-elf/4.1.2\libgcc.a(_div_df.o)
                0x00803840                __divdf3
 .text          0x00803a98       0x88 c:/altera/12.0sp2/nios2eds/bin/gnu/h-i686-mingw32/bin/../lib/gcc/nios2-elf/4.1.2\libgcc.a(_lt_df.o)
                0x00803a98                __ltdf2
 .text          0x00803b20       0x38 c:/altera/12.0sp2/nios2eds/bin/gnu/h-i686-mingw32/bin/../lib/gcc/nios2-elf/4.1.2\libgcc.a(_make_df.o)
                0x00803b20                __make_dp
 .text          0x00803b58       0x74 c:/altera/12.0sp2/nios2eds/bin/gnu/h-i686-mingw32/bin/../lib/gcc/nios2-elf/4.1.2\libgcc.a(_df_to_sf.o)
                0x00803b58                __truncdfsf2
 .text          0x00803bcc        0x0 c:/altera/12.0sp2/nios2eds/bin/gnu/h-i686-mingw32/bin/../lib/gcc/nios2-elf/4.1.2\libgcc.a(_thenan_df.o)
 .text          0x00803bcc      0x14c c:/altera/12.0sp2/nios2eds/bin/gnu/h-i686-mingw32/bin/../lib/gcc/nios2-elf/4.1.2\libgcc.a(lib2-divmod.o)
                0x00803c48                __divsi3
                0x00803ca8                __modsi3
                0x00803d08                __udivsi3
                0x00803d10                __umodsi3
 .text          0x00803d18       0x98 c:/altera/12.0sp2/nios2eds/bin/gnu/h-i686-mingw32/bin/../lib/gcc/nios2-elf/4.1.2\libgcc.a(_muldi3.o)
                0x00803d18                __muldi3
 .text          0x00803db0       0x80 c:/altera/12.0sp2/nios2eds/bin/gnu/h-i686-mingw32/bin/../lib/gcc/nios2-elf/4.1.2\libgcc.a(_clzsi2.o)
                0x00803db0                __clzsi2
 .text          0x00803e30      0x160 c:/altera/12.0sp2/nios2eds/bin/gnu/h-i686-mingw32/bin/../lib/gcc/nios2-elf/4.1.2\libgcc.a(_pack_sf.o)
                0x00803e30                __pack_f
 .text          0x00803f90       0xc8 c:/altera/12.0sp2/nios2eds/bin/gnu/h-i686-mingw32/bin/../lib/gcc/nios2-elf/4.1.2\libgcc.a(_unpack_sf.o)
                0x00803f90                __unpack_f
 .text          0x00804058       0xa8 c:/altera/12.0sp2/nios2eds/bin/gnu/h-i686-mingw32/bin/../lib/gcc/nios2-elf/4.1.2\libgcc.a(_fpcmp_parts_sf.o)
                0x00804058                __fpcmp_parts_f
 .text          0x00804100       0x2c c:/altera/12.0sp2/nios2eds/bin/gnu/h-i686-mingw32/bin/../lib/gcc/nios2-elf/4.1.2\libgcc.a(_make_sf.o)
                0x00804100                __make_fp
 .text          0x0080412c      0x314 c:/altera/12.0sp2/nios2eds/bin/gnu/h-i686-mingw32/bin/../lib/gcc/nios2-elf/4.1.2\libgcc.a(_pack_df.o)
                0x0080412c                __pack_d
 .text          0x00804440      0x138 c:/altera/12.0sp2/nios2eds/bin/gnu/h-i686-mingw32/bin/../lib/gcc/nios2-elf/4.1.2\libgcc.a(_unpack_df.o)
                0x00804440                __unpack_d
 .text          0x00804578       0xc8 c:/altera/12.0sp2/nios2eds/bin/gnu/h-i686-mingw32/bin/../lib/gcc/nios2-elf/4.1.2\libgcc.a(_fpcmp_parts_df.o)
                0x00804578                __fpcmp_parts_d
 .text          0x00804640        0x0 c:/altera/12.0sp2/nios2eds/bin/gnu/h-i686-mingw32/bin/../lib/gcc/nios2-elf/4.1.2\libgcc.a(_clz.o)
 .text          0x00804640       0x10 c:/altera/12.0sp2/nios2eds/bin/gnu/h-i686-mingw32/bin/../lib/gcc/nios2-elf/4.1.2/../../../../nios2-elf/lib\libc.a(lib_a-errno.o)
                0x00804640                __errno
 .text          0x00804650        0x0 c:/altera/12.0sp2/nios2eds/bin/gnu/h-i686-mingw32/bin/../lib/gcc/nios2-elf/4.1.2/../../../../nios2-elf/lib\libc.a(lib_a-impure.o)
 .text          0x00804650       0x28 c:/altera/12.0sp2/nios2eds/bin/gnu/h-i686-mingw32/bin/../lib/gcc/nios2-elf/4.1.2/../../../../nios2-elf/lib\libc.a(lib_a-malloc.o)
                0x00804650                free
                0x00804664                malloc
 .text          0x00804678      0x740 c:/altera/12.0sp2/nios2eds/bin/gnu/h-i686-mingw32/bin/../lib/gcc/nios2-elf/4.1.2/../../../../nios2-elf/lib\libc.a(lib_a-mallocr.o)
                0x00804678                _malloc_r
 .text          0x00804db8       0x78 c:/altera/12.0sp2/nios2eds/bin/gnu/h-i686-mingw32/bin/../lib/gcc/nios2-elf/4.1.2/../../../../nios2-elf/lib\libc.a(lib_a-printf.o)
                0x00804db8                printf
                0x00804dfc                _printf_r
 .text          0x00804e30       0xb4 c:/altera/12.0sp2/nios2eds/bin/gnu/h-i686-mingw32/bin/../lib/gcc/nios2-elf/4.1.2/../../../../nios2-elf/lib\libc.a(lib_a-puts.o)
                0x00804e30                _puts_r
                0x00804ed0                puts
 .text          0x00804ee4       0x94 c:/altera/12.0sp2/nios2eds/bin/gnu/h-i686-mingw32/bin/../lib/gcc/nios2-elf/4.1.2/../../../../nios2-elf/lib\libc.a(lib_a-rand.o)
                0x00804ee4                srand
                0x00804f00                rand
 .text          0x00804f78       0x70 c:/altera/12.0sp2/nios2eds/bin/gnu/h-i686-mingw32/bin/../lib/gcc/nios2-elf/4.1.2/../../../../nios2-elf/lib\libc.a(lib_a-sbrkr.o)
                0x00804f78                _sbrk_r
 .text          0x00804fe8       0xd4 c:/altera/12.0sp2/nios2eds/bin/gnu/h-i686-mingw32/bin/../lib/gcc/nios2-elf/4.1.2/../../../../nios2-elf/lib\libc.a(lib_a-sprintf.o)
                0x00804fe8                sprintf
                0x0080505c                _sprintf_r
 .text          0x008050bc       0xbc c:/altera/12.0sp2/nios2eds/bin/gnu/h-i686-mingw32/bin/../lib/gcc/nios2-elf/4.1.2/../../../../nios2-elf/lib\libc.a(lib_a-strcmp.o)
                0x008050bc                strcmp
 .text          0x00805178       0x8c c:/altera/12.0sp2/nios2eds/bin/gnu/h-i686-mingw32/bin/../lib/gcc/nios2-elf/4.1.2/../../../../nios2-elf/lib\libc.a(lib_a-strcpy.o)
                0x00805178                strcpy
 .text          0x00805204       0x74 c:/altera/12.0sp2/nios2eds/bin/gnu/h-i686-mingw32/bin/../lib/gcc/nios2-elf/4.1.2/../../../../nios2-elf/lib\libc.a(lib_a-strlen.o)
                0x00805204                strlen
 .text          0x00805278       0xb0 c:/altera/12.0sp2/nios2eds/bin/gnu/h-i686-mingw32/bin/../lib/gcc/nios2-elf/4.1.2/../../../../nios2-elf/lib\libc.a(lib_a-strncat.o)
                0x00805278                strncat
 .text          0x00805328       0xbc c:/altera/12.0sp2/nios2eds/bin/gnu/h-i686-mingw32/bin/../lib/gcc/nios2-elf/4.1.2/../../../../nios2-elf/lib\libc.a(lib_a-strncpy.o)
                0x00805328                strncpy
 .text          0x008053e4       0x10 c:/altera/12.0sp2/nios2eds/bin/gnu/h-i686-mingw32/bin/../lib/gcc/nios2-elf/4.1.2/../../../../nios2-elf/lib\libc.a(lib_a-strsep.o)
                0x008053e4                strsep
 .text          0x008053f4       0xac c:/altera/12.0sp2/nios2eds/bin/gnu/h-i686-mingw32/bin/../lib/gcc/nios2-elf/4.1.2/../../../../nios2-elf/lib\libc.a(lib_a-strtok_r.o)
                0x008053f4                __strtok_r
                0x00805498                strtok_r
 .text          0x008054a0     0x1f28 c:/altera/12.0sp2/nios2eds/bin/gnu/h-i686-mingw32/bin/../lib/gcc/nios2-elf/4.1.2/../../../../nios2-elf/lib\libc.a(lib_a-vfprintf.o)
                0x008054f8                ___vfprintf_internal_r
                0x008073a4                __vfprintf_internal
 .text          0x008073c8      0x13c c:/altera/12.0sp2/nios2eds/bin/gnu/h-i686-mingw32/bin/../lib/gcc/nios2-elf/4.1.2/../../../../nios2-elf/lib\libc.a(lib_a-wsetup.o)
                0x008073c8                __swsetup_r
 .text          0x00807504     0x17cc c:/altera/12.0sp2/nios2eds/bin/gnu/h-i686-mingw32/bin/../lib/gcc/nios2-elf/4.1.2/../../../../nios2-elf/lib\libc.a(lib_a-dtoa.o)
                0x0080771c                _dtoa_r
 .text          0x00808cd0      0x230 c:/altera/12.0sp2/nios2eds/bin/gnu/h-i686-mingw32/bin/../lib/gcc/nios2-elf/4.1.2/../../../../nios2-elf/lib\libc.a(lib_a-fflush.o)
                0x00808cd0                _fflush_r
                0x00808ecc                fflush
 .text          0x00808f00      0x2c0 c:/altera/12.0sp2/nios2eds/bin/gnu/h-i686-mingw32/bin/../lib/gcc/nios2-elf/4.1.2/../../../../nios2-elf/lib\libc.a(lib_a-findfp.o)
                0x00808f58                __sfp_lock_acquire
                0x00808f5c                __sfp_lock_release
                0x00808f60                __sinit_lock_acquire
                0x00808f64                __sinit_lock_release
                0x00808f68                __sinit
                0x0080901c                __fp_unlock_all
                0x00809034                __fp_lock_all
                0x0080904c                _cleanup_r
                0x00809058                _cleanup
                0x00809068                __sfmoreglue
                0x008090d0                __sfp
 .text          0x008091c0      0x440 c:/altera/12.0sp2/nios2eds/bin/gnu/h-i686-mingw32/bin/../lib/gcc/nios2-elf/4.1.2/../../../../nios2-elf/lib\libc.a(lib_a-freer.o)
                0x008091c0                _malloc_trim_r
                0x008092ec                _free_r
 .text          0x00809600      0x49c c:/altera/12.0sp2/nios2eds/bin/gnu/h-i686-mingw32/bin/../lib/gcc/nios2-elf/4.1.2/../../../../nios2-elf/lib\libc.a(lib_a-fvwrite.o)
                0x00809600                __sfvwrite_r
 .text          0x00809a9c      0x180 c:/altera/12.0sp2/nios2eds/bin/gnu/h-i686-mingw32/bin/../lib/gcc/nios2-elf/4.1.2/../../../../nios2-elf/lib\libc.a(lib_a-fwalk.o)
                0x00809a9c                _fwalk_reent
                0x00809b64                _fwalk
 .text          0x00809c1c        0x0 c:/altera/12.0sp2/nios2eds/bin/gnu/h-i686-mingw32/bin/../lib/gcc/nios2-elf/4.1.2/../../../../nios2-elf/lib\libc.a(lib_a-int_errno.o)
 .text          0x00809c1c       0xc4 c:/altera/12.0sp2/nios2eds/bin/gnu/h-i686-mingw32/bin/../lib/gcc/nios2-elf/4.1.2/../../../../nios2-elf/lib\libc.a(lib_a-locale.o)
                0x00809c1c                __locale_charset
                0x00809c24                _localeconv_r
                0x00809c30                localeconv
                0x00809c40                _setlocale_r
                0x00809cc4                setlocale
 .text          0x00809ce0      0x194 c:/altera/12.0sp2/nios2eds/bin/gnu/h-i686-mingw32/bin/../lib/gcc/nios2-elf/4.1.2/../../../../nios2-elf/lib\libc.a(lib_a-makebuf.o)
                0x00809ce0                __smakebuf_r
 .text          0x00809e74       0xe4 c:/altera/12.0sp2/nios2eds/bin/gnu/h-i686-mingw32/bin/../lib/gcc/nios2-elf/4.1.2/../../../../nios2-elf/lib\libc.a(lib_a-memchr.o)
                0x00809e74                memchr
 .text          0x00809f58       0xa0 c:/altera/12.0sp2/nios2eds/bin/gnu/h-i686-mingw32/bin/../lib/gcc/nios2-elf/4.1.2/../../../../nios2-elf/lib\libc.a(lib_a-memcpy.o)
                0x00809f58                memcpy
 .text          0x00809ff8       0xe0 c:/altera/12.0sp2/nios2eds/bin/gnu/h-i686-mingw32/bin/../lib/gcc/nios2-elf/4.1.2/../../../../nios2-elf/lib\libc.a(lib_a-memmove.o)
                0x00809ff8                memmove
 .text          0x0080a0d8       0x98 c:/altera/12.0sp2/nios2eds/bin/gnu/h-i686-mingw32/bin/../lib/gcc/nios2-elf/4.1.2/../../../../nios2-elf/lib\libc.a(lib_a-memset.o)
                0x0080a0d8                memset
 .text          0x0080a170      0xff4 c:/altera/12.0sp2/nios2eds/bin/gnu/h-i686-mingw32/bin/../lib/gcc/nios2-elf/4.1.2/../../../../nios2-elf/lib\libc.a(lib_a-mprec.o)
                0x0080a170                _Bfree
                0x0080a198                __hi0bits
                0x0080a208                __lo0bits
                0x0080a2cc                __mcmp
                0x0080a32c                __ulp
                0x0080a3ac                __b2d
                0x0080a4cc                __ratio
                0x0080a57c                _mprec_log10
                0x0080a610                __copybits
                0x0080a668                __any_on
                0x0080a6f0                _Balloc
                0x0080a7ac                __d2b
                0x0080a928                __mdiff
                0x0080aab4                __lshift
                0x0080ac00                __multiply
                0x0080ade8                __i2b
                0x0080ae24                __multadd
                0x0080af24                __pow5mult
                0x0080b044                __s2b
 .text          0x0080b164      0x5f4 c:/altera/12.0sp2/nios2eds/bin/gnu/h-i686-mingw32/bin/../lib/gcc/nios2-elf/4.1.2/../../../../nios2-elf/lib\libc.a(lib_a-reallocr.o)
                0x0080b164                _realloc_r
 .text          0x0080b758       0x40 c:/altera/12.0sp2/nios2eds/bin/gnu/h-i686-mingw32/bin/../lib/gcc/nios2-elf/4.1.2/../../../../nios2-elf/lib\libc.a(lib_a-s_isinfd.o)
                0x0080b758                __isinfd
 .text          0x0080b798      0x14c c:/altera/12.0sp2/nios2eds/bin/gnu/h-i686-mingw32/bin/../lib/gcc/nios2-elf/4.1.2/../../../../nios2-elf/lib\libc.a(lib_a-stdio.o)
                0x0080b798                __sclose
                0x0080b7a0                __sseek
                0x0080b808                __swrite
                0x0080b884                __sread
 .text          0x0080b8e4       0x78 c:/altera/12.0sp2/nios2eds/bin/gnu/h-i686-mingw32/bin/../lib/gcc/nios2-elf/4.1.2/../../../../nios2-elf/lib\libc.a(lib_a-writer.o)
                0x0080b8e4                _write_r
 .text          0x0080b95c       0xb4 c:/altera/12.0sp2/nios2eds/bin/gnu/h-i686-mingw32/bin/../lib/gcc/nios2-elf/4.1.2/../../../../nios2-elf/lib\libc.a(lib_a-callocr.o)
                0x0080b95c                _calloc_r
 .text          0x0080ba10       0x70 c:/altera/12.0sp2/nios2eds/bin/gnu/h-i686-mingw32/bin/../lib/gcc/nios2-elf/4.1.2/../../../../nios2-elf/lib\libc.a(lib_a-closer.o)
                0x0080ba10                _close_r
 .text          0x0080ba80      0x124 c:/altera/12.0sp2/nios2eds/bin/gnu/h-i686-mingw32/bin/../lib/gcc/nios2-elf/4.1.2/../../../../nios2-elf/lib\libc.a(lib_a-fclose.o)
                0x0080ba80                _fclose_r
                0x0080bb90                fclose
 .text          0x0080bba4       0x74 c:/altera/12.0sp2/nios2eds/bin/gnu/h-i686-mingw32/bin/../lib/gcc/nios2-elf/4.1.2/../../../../nios2-elf/lib\libc.a(lib_a-fstatr.o)
                0x0080bba4                _fstat_r
 .text          0x0080bc18       0x70 c:/altera/12.0sp2/nios2eds/bin/gnu/h-i686-mingw32/bin/../lib/gcc/nios2-elf/4.1.2/../../../../nios2-elf/lib\libc.a(lib_a-isattyr.o)
                0x0080bc18                _isatty_r
 .text          0x0080bc88       0x78 c:/altera/12.0sp2/nios2eds/bin/gnu/h-i686-mingw32/bin/../lib/gcc/nios2-elf/4.1.2/../../../../nios2-elf/lib\libc.a(lib_a-lseekr.o)
                0x0080bc88                _lseek_r
 .text          0x0080bd00       0x78 c:/altera/12.0sp2/nios2eds/bin/gnu/h-i686-mingw32/bin/../lib/gcc/nios2-elf/4.1.2/../../../../nios2-elf/lib\libc.a(lib_a-readr.o)
                0x0080bd00                _read_r
 .text          0x0080bd78      0x5dc c:/altera/12.0sp2/nios2eds/bin/gnu/h-i686-mingw32/bin/../lib/gcc/nios2-elf/4.1.2\libgcc.a(_udivdi3.o)
                0x0080bd78                __udivdi3
 .text          0x0080c354      0x5b0 c:/altera/12.0sp2/nios2eds/bin/gnu/h-i686-mingw32/bin/../lib/gcc/nios2-elf/4.1.2\libgcc.a(_umoddi3.o)
                0x0080c354                __umoddi3
 .text          0x0080c904       0x88 c:/altera/12.0sp2/nios2eds/bin/gnu/h-i686-mingw32/bin/../lib/gcc/nios2-elf/4.1.2\libgcc.a(_eq_df.o)
                0x0080c904                __eqdf2
 .text          0x0080c98c       0x88 c:/altera/12.0sp2/nios2eds/bin/gnu/h-i686-mingw32/bin/../lib/gcc/nios2-elf/4.1.2\libgcc.a(_ne_df.o)
                0x0080c98c                __nedf2
 .text          0x0080ca14       0x88 c:/altera/12.0sp2/nios2eds/bin/gnu/h-i686-mingw32/bin/../lib/gcc/nios2-elf/4.1.2\libgcc.a(_gt_df.o)
                0x0080ca14                __gtdf2
 .text          0x0080ca9c       0x88 c:/altera/12.0sp2/nios2eds/bin/gnu/h-i686-mingw32/bin/../lib/gcc/nios2-elf/4.1.2\libgcc.a(_ge_df.o)
                0x0080ca9c                __gedf2
 .text          0x0080cb24       0xf8 c:/altera/12.0sp2/nios2eds/bin/gnu/h-i686-mingw32/bin/../lib/gcc/nios2-elf/4.1.2\libgcc.a(_si_to_df.o)
                0x0080cb24                __floatsidf
 .text          0x0080cc1c       0xd8 c:/altera/12.0sp2/nios2eds/bin/gnu/h-i686-mingw32/bin/../lib/gcc/nios2-elf/4.1.2\libgcc.a(_df_to_si.o)
                0x0080cc1c                __fixdfsi
 .text          0x0080ccf4      0x194 c:/altera/12.0sp2/nios2eds/bin/gnu/h-i686-mingw32/bin/../lib/gcc/nios2-elf/4.1.2\libgcc.a(_usi_to_df.o)
                0x0080ccf4                __floatunsidf
 .text          0x0080ce88      0x154 ../TowerDefence_bsp/\libhal_bsp.a(alt_alarm_start.o)
                0x0080ce88                alt_alarm_start
 .text          0x0080cfdc      0x15c ../TowerDefence_bsp/\libhal_bsp.a(alt_close.o)
                0x0080cfdc                close
 .text          0x0080d138       0x2c ../TowerDefence_bsp/\libhal_bsp.a(alt_dev.o)
 .text          0x0080d164        0x0 ../TowerDefence_bsp/\libhal_bsp.a(alt_errno.o)
 .text          0x0080d164      0x134 ../TowerDefence_bsp/\libhal_bsp.a(alt_fstat.o)
                0x0080d164                fstat
 .text          0x0080d298      0x120 ../TowerDefence_bsp/\libhal_bsp.a(alt_isatty.o)
                0x0080d298                isatty
 .text          0x0080d3b8       0xec ../TowerDefence_bsp/\libhal_bsp.a(alt_load.o)
                0x0080d3b8                alt_load
 .text          0x0080d4a4      0x150 ../TowerDefence_bsp/\libhal_bsp.a(alt_lseek.o)
                0x0080d4a4                lseek
 .text          0x0080d5f4       0x6c ../TowerDefence_bsp/\libhal_bsp.a(alt_main.o)
                0x0080d5f4                alt_main
 .text          0x0080d660       0x40 ../TowerDefence_bsp/\libhal_bsp.a(alt_malloc_lock.o)
                0x0080d660                __malloc_lock
                0x0080d680                __malloc_unlock
 .text          0x0080d6a0      0x180 ../TowerDefence_bsp/\libhal_bsp.a(alt_read.o)
                0x0080d6a0                read
 .text          0x0080d820       0x60 ../TowerDefence_bsp/\libhal_bsp.a(alt_release_fd.o)
                0x0080d820                alt_release_fd
 .text          0x0080d880       0xbc ../TowerDefence_bsp/\libhal_bsp.a(alt_sbrk.o)
                0x0080d880                sbrk
 .text          0x0080d93c      0x1a4 ../TowerDefence_bsp/\libhal_bsp.a(alt_tick.o)
                0x0080d93c                alt_alarm_stop
                0x0080d9d4                alt_tick
 .text          0x0080dae0       0x30 ../TowerDefence_bsp/\libhal_bsp.a(alt_usleep.o)
                0x0080dae0                usleep
 .text          0x0080db10      0x180 ../TowerDefence_bsp/\libhal_bsp.a(alt_write.o)
                0x0080db10                write
 .text          0x0080dc90      0x3b0 ../TowerDefence_bsp/\libhal_bsp.a(alt_sys_init.o)
                0x0080dc90                alt_irq_init
                0x0080dcc4                alt_sys_init
 .text          0x0080e040      0x148 ../TowerDefence_bsp/\libhal_bsp.a(altera_avalon_jtag_uart_fd.o)
                0x0080e040                altera_avalon_jtag_uart_read_fd
                0x0080e098                altera_avalon_jtag_uart_write_fd
                0x0080e0f0                altera_avalon_jtag_uart_close_fd
                0x0080e138                altera_avalon_jtag_uart_ioctl_fd
 .text          0x0080e188      0x40c ../TowerDefence_bsp/\libhal_bsp.a(altera_avalon_jtag_uart_init.o)
                0x0080e188                altera_avalon_jtag_uart_init
                0x0080e520                altera_avalon_jtag_uart_close
 .text          0x0080e594       0xf4 ../TowerDefence_bsp/\libhal_bsp.a(altera_avalon_jtag_uart_ioctl.o)
                0x0080e594                altera_avalon_jtag_uart_ioctl
 .text          0x0080e688      0x224 ../TowerDefence_bsp/\libhal_bsp.a(altera_avalon_jtag_uart_read.o)
                0x0080e688                altera_avalon_jtag_uart_read
 .text          0x0080e8ac      0x240 ../TowerDefence_bsp/\libhal_bsp.a(altera_avalon_jtag_uart_write.o)
                0x0080e8ac                altera_avalon_jtag_uart_write
 .text          0x0080eaec      0x100 ../TowerDefence_bsp/\libhal_bsp.a(altera_avalon_timer_sc.o)
                0x0080eb5c                alt_avalon_timer_sc_init
 .text          0x0080ebec        0x0 ../TowerDefence_bsp/\libhal_bsp.a(altera_avalon_timer_vars.o)
 .text          0x0080ebec      0x304 ../TowerDefence_bsp/\libhal_bsp.a(altera_up_avalon_video_character_buffer_with_dma.o)
                0x0080ebec                alt_up_char_buffer_init
                0x0080ec70                alt_up_char_buffer_open_dev
                0x0080ecb0                alt_up_char_buffer_draw
                0x0080ed80                alt_up_char_buffer_string
                0x0080ee94                alt_up_char_buffer_clear
 .text          0x0080eef0     0x156c ../TowerDefence_bsp/\libhal_bsp.a(altera_up_avalon_video_pixel_buffer_dma.o)
                0x0080eef0                alt_up_pixel_buffer_dma_open_dev
                0x0080ef30                alt_up_pixel_buffer_dma_draw
                0x0080f0d0                alt_up_pixel_buffer_dma_change_back_buffer_address
                0x0080f128                alt_up_pixel_buffer_dma_swap_buffers
                0x0080f180                alt_up_pixel_buffer_dma_check_swap_buffers_status
                0x0080f1b4                alt_up_pixel_buffer_dma_clear_screen
                0x0080f318                alt_up_pixel_buffer_dma_draw_box
                0x0080f80c                alt_up_pixel_buffer_dma_draw_hline
                0x0080fb5c                alt_up_pixel_buffer_dma_draw_vline
                0x0080ff2c                alt_up_pixel_buffer_dma_draw_rectangle
                0x0080fff0                helper_plot_pixel
                0x008100c0                alt_up_pixel_buffer_dma_draw_line
 .text          0x0081045c     0x45c0 ../TowerDefence_bsp/\libhal_bsp.a(altera_up_sd_card_avalon_interface.o)
                0x0081045c                Write_Sector_Data
                0x00810524                Save_Modified_Sector
                0x00810574                Read_Sector_Data
                0x00810670                get_cluster_flag
                0x00810728                mark_cluster
                0x0081080c                Check_for_Master_Boot_Record
                0x008109bc                Read_File_Record_At_Offset
                0x00810c40                Write_File_Record_At_Offset
                0x00810ef8                Check_for_DOS_FAT
                0x00811540                Look_for_FAT16
                0x00811644                filename_to_upper_case
                0x00811714                check_file_name_for_FAT16_compliance
                0x008119a4                get_dir_divider_location
                0x00811a64                match_file_record_to_name_ext
                0x00811d50                get_home_directory_cluster_for_file
                0x00812264                find_file_in_directory
                0x008126c8                find_first_empty_cluster
                0x0081286c                find_first_empty_record_in_a_subdirectory
                0x00812ab8                find_first_empty_record_in_root_directory
                0x00812be4                convert_filename_to_name_extension
                0x00812d9c                create_file
                0x00813070                copy_file_record_name_to_string
                0x008131c4                alt_up_sd_card_open_dev
                0x00813288                alt_up_sd_card_is_Present
                0x00813350                alt_up_sd_card_is_FAT16
                0x008133c4                alt_up_sd_card_find_first
                0x00813498                alt_up_sd_card_find_next
                0x00813848                alt_up_sd_card_fopen
                0x00813bf0                alt_up_sd_card_set_attributes
                0x00813c80                alt_up_sd_card_get_attributes
                0x00813d0c                alt_up_sd_card_read
                0x008140a0                alt_up_sd_card_write
                0x008146c4                alt_up_sd_card_fclose
                0x00814890                Read_Sector_Data_CRC
                0x0081498c                Read_Sector_Data_Attempt_CRC
 .text          0x00814a1c      0x14c ../TowerDefence_bsp/\libhal_bsp.a(alt_busy_sleep.o)
                0x00814a1c                alt_busy_sleep
 .text          0x00814b68       0x44 ../TowerDefence_bsp/\libhal_bsp.a(alt_dcache_flush_all.o)
                0x00814b68                alt_dcache_flush_all
 .text          0x00814bac      0x114 ../TowerDefence_bsp/\libhal_bsp.a(alt_dev_llist_insert.o)
                0x00814bac                alt_dev_llist_insert
 .text          0x00814cc0       0x64 ../TowerDefence_bsp/\libhal_bsp.a(alt_do_ctors.o)
                0x00814cc0                _do_ctors
 .text          0x00814d24       0x64 ../TowerDefence_bsp/\libhal_bsp.a(alt_do_dtors.o)
                0x00814d24                _do_dtors
 .text          0x00814d88       0x94 ../TowerDefence_bsp/\libhal_bsp.a(alt_find_dev.o)
                0x00814d88                alt_find_dev
 .text          0x00814e1c       0x30 ../TowerDefence_bsp/\libhal_bsp.a(alt_icache_flush_all.o)
                0x00814e1c                alt_icache_flush_all
 .text          0x00814e4c      0x1d4 ../TowerDefence_bsp/\libhal_bsp.a(alt_iic.o)
                0x00814e4c                alt_ic_isr_register
                0x00814e9c                alt_ic_irq_enable
                0x00814f38                alt_ic_irq_disable
                0x00814fd8                alt_ic_irq_enabled
 .text          0x00815020       0xf8 ../TowerDefence_bsp/\libhal_bsp.a(alt_iic_isr_register.o)
                0x00815020                alt_iic_isr_register
 .text          0x00815118      0x13c ../TowerDefence_bsp/\libhal_bsp.a(alt_io_redirect.o)
                0x008151dc                alt_io_redirect
 .text          0x00815254        0x0 ../TowerDefence_bsp/\libhal_bsp.a(alt_irq_entry.o)
 .text          0x00815254        0x0 ../TowerDefence_bsp/\libhal_bsp.a(alt_irq_handler.o)
 .text          0x00815254        0x0 ../TowerDefence_bsp/\libhal_bsp.a(alt_irq_vars.o)
 .text          0x00815254      0x2c4 ../TowerDefence_bsp/\libhal_bsp.a(alt_open.o)
                0x00815330                open
 .text          0x00815518       0x20 ../TowerDefence_bsp/\libhal_bsp.a(altera_nios2_qsys_irq.o)
                0x00815518                altera_nios2_qsys_irq_init
 .text          0x00815538        0x0 ../TowerDefence_bsp/\libhal_bsp.a(alt_exception_entry.o)
 .text          0x00815538      0x120 ../TowerDefence_bsp/\libhal_bsp.a(alt_find_file.o)
                0x00815538                alt_find_file
 .text          0x00815658       0xb8 ../TowerDefence_bsp/\libhal_bsp.a(alt_get_fd.o)
                0x00815658                alt_get_fd
 .text          0x00815710       0x90 ../TowerDefence_bsp/\libhal_bsp.a(alt_icache_flush.o)
                0x00815710                alt_icache_flush
 .text          0x008157a0       0x14 c:/altera/12.0sp2/nios2eds/bin/gnu/h-i686-mingw32/bin/../lib/gcc/nios2-elf/4.1.2/../../../../nios2-elf/lib\libc.a(lib_a-atexit.o)
                0x008157a0                atexit
 .text          0x008157b4       0x38 c:/altera/12.0sp2/nios2eds/bin/gnu/h-i686-mingw32/bin/../lib/gcc/nios2-elf/4.1.2/../../../../nios2-elf/lib\libc.a(lib_a-exit.o)
                0x008157b4                exit
 .text          0x008157ec       0x74 c:/altera/12.0sp2/nios2eds/bin/gnu/h-i686-mingw32/bin/../lib/gcc/nios2-elf/4.1.2/../../../../nios2-elf/lib\libc.a(lib_a-memcmp.o)
                0x008157ec                memcmp
 .text          0x00815860      0x134 c:/altera/12.0sp2/nios2eds/bin/gnu/h-i686-mingw32/bin/../lib/gcc/nios2-elf/4.1.2/../../../../nios2-elf/lib\libc.a(lib_a-__atexit.o)
                0x00815860                __register_exitproc
 .text          0x00815994      0x1b4 c:/altera/12.0sp2/nios2eds/bin/gnu/h-i686-mingw32/bin/../lib/gcc/nios2-elf/4.1.2/../../../../nios2-elf/lib\libc.a(lib_a-__call_atexit.o)
                0x00815998                __call_exitprocs
 .text          0x00815b48       0x60 ../TowerDefence_bsp/\libhal_bsp.a(alt_exit.o)
                0x00815b88                _exit
 *(.gnu.warning.*)
 *(.fini)
                0x00815ba8                PROVIDE (__etext, ABSOLUTE (.))
                0x00815ba8                PROVIDE (_etext, ABSOLUTE (.))
                0x00815ba8                PROVIDE (etext, ABSOLUTE (.))
 *(.eh_frame_hdr)
                0x00815ba8                . = ALIGN (0x4)
                0x00815ba8                PROVIDE (__preinit_array_start, ABSOLUTE (.))
 *(.preinit_array)
                0x00815ba8                PROVIDE (__preinit_array_end, ABSOLUTE (.))
                0x00815ba8                PROVIDE (__init_array_start, ABSOLUTE (.))
 *(.init_array)
                0x00815ba8                PROVIDE (__init_array_end, ABSOLUTE (.))
                0x00815ba8                PROVIDE (__fini_array_start, ABSOLUTE (.))
 *(.fini_array)
                0x00815ba8                PROVIDE (__fini_array_end, ABSOLUTE (.))
 *(.eh_frame)
 .eh_frame      0x00815ba8       0x40 c:/altera/12.0sp2/nios2eds/bin/gnu/h-i686-mingw32/bin/../lib/gcc/nios2-elf/4.1.2\libgcc.a(_udivdi3.o)
 .eh_frame      0x00815be8       0x2c c:/altera/12.0sp2/nios2eds/bin/gnu/h-i686-mingw32/bin/../lib/gcc/nios2-elf/4.1.2\libgcc.a(_umoddi3.o)
                                 0x40 (size before relaxing)
 *(.gcc_except_table)
 *(.dynamic)
                0x00815c14                PROVIDE (__CTOR_LIST__, ABSOLUTE (.))
 *(.ctors)
 *(SORT(.ctors.*))
 .ctors.65535   0x00815c14        0x4 c:/altera/12.0sp2/nios2eds/bin/gnu/h-i686-mingw32/bin/../lib/gcc/nios2-elf/4.1.2/../../../../nios2-elf/lib\libc.a(lib_a-__call_atexit.o)
                0x00815c18                PROVIDE (__CTOR_END__, ABSOLUTE (.))
                0x00815c18                PROVIDE (__DTOR_LIST__, ABSOLUTE (.))
 *(.dtors)
 *(SORT(.dtors.*))
                0x00815c18                PROVIDE (__DTOR_END__, ABSOLUTE (.))
 *(.jcr)
                0x00815c18                . = ALIGN (0x4)

.rodata         0x00815c18      0x5f4
                0x00815c18                PROVIDE (__ram_rodata_start, ABSOLUTE (.))
                0x00815c18                . = ALIGN (0x4)
 *(.rodata .rodata.* .gnu.linkonce.r.*)
 .rodata        0x00815c18       0x30 obj/default/Frame.o
 .rodata        0x00815c48      0x210 obj/default/Game.o
 .rodata.str1.4
                0x00815e58        0x5 c:/altera/12.0sp2/nios2eds/bin/gnu/h-i686-mingw32/bin/../lib/gcc/nios2-elf/4.1.2/../../../../nios2-elf/lib\libm.a(lib_a-w_sqrt.o)
                                  0x8 (size before relaxing)
 *fill*         0x00815e5d        0x3 00
 .rodata        0x00815e60       0x14 c:/altera/12.0sp2/nios2eds/bin/gnu/h-i686-mingw32/bin/../lib/gcc/nios2-elf/4.1.2\libgcc.a(_thenan_df.o)
                0x00815e60                __thenan_df
 .rodata        0x00815e74      0x100 c:/altera/12.0sp2/nios2eds/bin/gnu/h-i686-mingw32/bin/../lib/gcc/nios2-elf/4.1.2\libgcc.a(_clz.o)
                0x00815e74                __clz_tab
 .rodata.str1.4
                0x00815f74        0x2 c:/altera/12.0sp2/nios2eds/bin/gnu/h-i686-mingw32/bin/../lib/gcc/nios2-elf/4.1.2/../../../../nios2-elf/lib\libc.a(lib_a-impure.o)
                                  0x4 (size before relaxing)
 *fill*         0x00815f76        0x2 00
 .rodata.str1.4
                0x00815f78        0x2 c:/altera/12.0sp2/nios2eds/bin/gnu/h-i686-mingw32/bin/../lib/gcc/nios2-elf/4.1.2/../../../../nios2-elf/lib\libc.a(lib_a-puts.o)
                                  0x4 (size before relaxing)
 *fill*         0x00815f7a        0x2 00
 .rodata.str1.4
                0x00815f7c       0x5e c:/altera/12.0sp2/nios2eds/bin/gnu/h-i686-mingw32/bin/../lib/gcc/nios2-elf/4.1.2/../../../../nios2-elf/lib\libc.a(lib_a-vfprintf.o)
                                 0x60 (size before relaxing)
 .rodata        0x00815fda       0x20 c:/altera/12.0sp2/nios2eds/bin/gnu/h-i686-mingw32/bin/../lib/gcc/nios2-elf/4.1.2/../../../../nios2-elf/lib\libc.a(lib_a-vfprintf.o)
 *fill*         0x00815ffa        0x2 00
 .rodata.str1.4
                0x00815ffc       0x10 c:/altera/12.0sp2/nios2eds/bin/gnu/h-i686-mingw32/bin/../lib/gcc/nios2-elf/4.1.2/../../../../nios2-elf/lib\libc.a(lib_a-dtoa.o)
                                 0x14 (size before relaxing)
 .rodata.str1.4
                0x0081600c       0x10 c:/altera/12.0sp2/nios2eds/bin/gnu/h-i686-mingw32/bin/../lib/gcc/nios2-elf/4.1.2/../../../../nios2-elf/lib\libc.a(lib_a-locale.o)
                                 0x18 (size before relaxing)
 .rodata        0x0081601c       0x30 c:/altera/12.0sp2/nios2eds/bin/gnu/h-i686-mingw32/bin/../lib/gcc/nios2-elf/4.1.2/../../../../nios2-elf/lib\libc.a(lib_a-locale.o)
 .rodata        0x0081604c      0x124 c:/altera/12.0sp2/nios2eds/bin/gnu/h-i686-mingw32/bin/../lib/gcc/nios2-elf/4.1.2/../../../../nios2-elf/lib\libc.a(lib_a-mprec.o)
                0x0081604c                __mprec_tens
                0x00816114                __mprec_bigtens
                0x0081613c                __mprec_tinytens
 .rodata        0x00816170        0xc ../TowerDefence_bsp/\libhal_bsp.a(alt_dev.o)
 .rodata        0x0081617c       0x10 ../TowerDefence_bsp/\libhal_bsp.a(alt_main.o)
 .rodata        0x0081618c       0x64 ../TowerDefence_bsp/\libhal_bsp.a(alt_sys_init.o)
 .rodata        0x008161f0       0x1c ../TowerDefence_bsp/\libhal_bsp.a(altera_up_avalon_video_character_buffer_with_dma.o)
 *(.rodata1)
                0x0081620c                . = ALIGN (0x4)
                0x0081620c                PROVIDE (__ram_rodata_end, ABSOLUTE (.))
                0x00815c18                PROVIDE (__flash_rodata_start, LOADADDR (.rodata))

.rwdata         0x0081620c     0x6f94 load address 0x0081d1a0
                0x0081620c                PROVIDE (__ram_rwdata_start, ABSOLUTE (.))
                0x0081620c                . = ALIGN (0x4)
 *(.got.plt)
 *(.got)
 *(.data1)
 *(.data .data.* .gnu.linkonce.d.*)
 .data          0x0081620c        0x0 ../TowerDefence_bsp//obj/HAL/src/crt0.o
 .data          0x0081620c        0x0 obj/default/Env.o
 .data          0x0081620c        0x0 obj/default/Frame.o
 .data          0x0081620c        0x0 obj/default/Game.o
 .data          0x0081620c        0x0 obj/default/GameInfo.o
 .data          0x0081620c        0x0 obj/default/Object.o
 .data          0x0081620c        0x0 obj/default/animation.o
 .data          0x0081620c     0x5450 obj/default/hardCode.o
                0x0081620c                explode05
                0x0081639c                explode04
                0x0081652c                explode03
                0x008166bc                explode02
                0x0081684c                explode01
                0x008169dc                explode11
                0x00816b6c                explode12
                0x00816cfc                explode13
                0x00816e8c                explode14
                0x0081701c                pacman01
                0x008171ac                pacman02
                0x0081733c                pacman03
                0x008174cc                pacman04
                0x0081765c                earth
 .data          0x0081b65c        0x0 c:/altera/12.0sp2/nios2eds/bin/gnu/h-i686-mingw32/bin/../lib/gcc/nios2-elf/4.1.2/../../../../nios2-elf/lib\libm.a(lib_a-w_sqrt.o)
 .data          0x0081b65c        0x0 c:/altera/12.0sp2/nios2eds/bin/gnu/h-i686-mingw32/bin/../lib/gcc/nios2-elf/4.1.2/../../../../nios2-elf/lib\libm.a(lib_a-e_sqrt.o)
 .data          0x0081b65c        0x0 c:/altera/12.0sp2/nios2eds/bin/gnu/h-i686-mingw32/bin/../lib/gcc/nios2-elf/4.1.2/../../../../nios2-elf/lib\libm.a(lib_a-s_isnand.o)
 .data          0x0081b65c        0x0 c:/altera/12.0sp2/nios2eds/bin/gnu/h-i686-mingw32/bin/../lib/gcc/nios2-elf/4.1.2/../../../../nios2-elf/lib\libm.a(lib_a-s_lib_ver.o)
 .data          0x0081b65c        0x0 c:/altera/12.0sp2/nios2eds/bin/gnu/h-i686-mingw32/bin/../lib/gcc/nios2-elf/4.1.2/../../../../nios2-elf/lib\libm.a(lib_a-s_matherr.o)
 .data          0x0081b65c        0x0 c:/altera/12.0sp2/nios2eds/bin/gnu/h-i686-mingw32/bin/../lib/gcc/nios2-elf/4.1.2\libgcc.a(_le_sf.o)
 .data          0x0081b65c        0x0 c:/altera/12.0sp2/nios2eds/bin/gnu/h-i686-mingw32/bin/../lib/gcc/nios2-elf/4.1.2\libgcc.a(_si_to_sf.o)
 .data          0x0081b65c        0x0 c:/altera/12.0sp2/nios2eds/bin/gnu/h-i686-mingw32/bin/../lib/gcc/nios2-elf/4.1.2\libgcc.a(_sf_to_df.o)
 .data          0x0081b65c        0x0 c:/altera/12.0sp2/nios2eds/bin/gnu/h-i686-mingw32/bin/../lib/gcc/nios2-elf/4.1.2\libgcc.a(_addsub_df.o)
 .data          0x0081b65c        0x0 c:/altera/12.0sp2/nios2eds/bin/gnu/h-i686-mingw32/bin/../lib/gcc/nios2-elf/4.1.2\libgcc.a(_mul_df.o)
 .data          0x0081b65c        0x0 c:/altera/12.0sp2/nios2eds/bin/gnu/h-i686-mingw32/bin/../lib/gcc/nios2-elf/4.1.2\libgcc.a(_div_df.o)
 .data          0x0081b65c        0x0 c:/altera/12.0sp2/nios2eds/bin/gnu/h-i686-mingw32/bin/../lib/gcc/nios2-elf/4.1.2\libgcc.a(_lt_df.o)
 .data          0x0081b65c        0x0 c:/altera/12.0sp2/nios2eds/bin/gnu/h-i686-mingw32/bin/../lib/gcc/nios2-elf/4.1.2\libgcc.a(_make_df.o)
 .data          0x0081b65c        0x0 c:/altera/12.0sp2/nios2eds/bin/gnu/h-i686-mingw32/bin/../lib/gcc/nios2-elf/4.1.2\libgcc.a(_df_to_sf.o)
 .data          0x0081b65c        0x0 c:/altera/12.0sp2/nios2eds/bin/gnu/h-i686-mingw32/bin/../lib/gcc/nios2-elf/4.1.2\libgcc.a(_thenan_df.o)
 .data          0x0081b65c        0x0 c:/altera/12.0sp2/nios2eds/bin/gnu/h-i686-mingw32/bin/../lib/gcc/nios2-elf/4.1.2\libgcc.a(lib2-divmod.o)
 .data          0x0081b65c        0x0 c:/altera/12.0sp2/nios2eds/bin/gnu/h-i686-mingw32/bin/../lib/gcc/nios2-elf/4.1.2\libgcc.a(_muldi3.o)
 .data          0x0081b65c        0x0 c:/altera/12.0sp2/nios2eds/bin/gnu/h-i686-mingw32/bin/../lib/gcc/nios2-elf/4.1.2\libgcc.a(_clzsi2.o)
 .data          0x0081b65c        0x0 c:/altera/12.0sp2/nios2eds/bin/gnu/h-i686-mingw32/bin/../lib/gcc/nios2-elf/4.1.2\libgcc.a(_pack_sf.o)
 .data          0x0081b65c        0x0 c:/altera/12.0sp2/nios2eds/bin/gnu/h-i686-mingw32/bin/../lib/gcc/nios2-elf/4.1.2\libgcc.a(_unpack_sf.o)
 .data          0x0081b65c        0x0 c:/altera/12.0sp2/nios2eds/bin/gnu/h-i686-mingw32/bin/../lib/gcc/nios2-elf/4.1.2\libgcc.a(_fpcmp_parts_sf.o)
 .data          0x0081b65c        0x0 c:/altera/12.0sp2/nios2eds/bin/gnu/h-i686-mingw32/bin/../lib/gcc/nios2-elf/4.1.2\libgcc.a(_make_sf.o)
 .data          0x0081b65c        0x0 c:/altera/12.0sp2/nios2eds/bin/gnu/h-i686-mingw32/bin/../lib/gcc/nios2-elf/4.1.2\libgcc.a(_pack_df.o)
 .data          0x0081b65c        0x0 c:/altera/12.0sp2/nios2eds/bin/gnu/h-i686-mingw32/bin/../lib/gcc/nios2-elf/4.1.2\libgcc.a(_unpack_df.o)
 .data          0x0081b65c        0x0 c:/altera/12.0sp2/nios2eds/bin/gnu/h-i686-mingw32/bin/../lib/gcc/nios2-elf/4.1.2\libgcc.a(_fpcmp_parts_df.o)
 .data          0x0081b65c        0x0 c:/altera/12.0sp2/nios2eds/bin/gnu/h-i686-mingw32/bin/../lib/gcc/nios2-elf/4.1.2\libgcc.a(_clz.o)
 .data          0x0081b65c        0x0 c:/altera/12.0sp2/nios2eds/bin/gnu/h-i686-mingw32/bin/../lib/gcc/nios2-elf/4.1.2/../../../../nios2-elf/lib\libc.a(lib_a-errno.o)
 .data          0x0081b65c      0x400 c:/altera/12.0sp2/nios2eds/bin/gnu/h-i686-mingw32/bin/../lib/gcc/nios2-elf/4.1.2/../../../../nios2-elf/lib\libc.a(lib_a-impure.o)
 .data          0x0081ba5c        0x0 c:/altera/12.0sp2/nios2eds/bin/gnu/h-i686-mingw32/bin/../lib/gcc/nios2-elf/4.1.2/../../../../nios2-elf/lib\libc.a(lib_a-malloc.o)
 .data          0x0081ba5c      0x408 c:/altera/12.0sp2/nios2eds/bin/gnu/h-i686-mingw32/bin/../lib/gcc/nios2-elf/4.1.2/../../../../nios2-elf/lib\libc.a(lib_a-mallocr.o)
                0x0081ba5c                __malloc_av_
 .data          0x0081be64        0x0 c:/altera/12.0sp2/nios2eds/bin/gnu/h-i686-mingw32/bin/../lib/gcc/nios2-elf/4.1.2/../../../../nios2-elf/lib\libc.a(lib_a-printf.o)
 .data          0x0081be64        0x0 c:/altera/12.0sp2/nios2eds/bin/gnu/h-i686-mingw32/bin/../lib/gcc/nios2-elf/4.1.2/../../../../nios2-elf/lib\libc.a(lib_a-puts.o)
 .data          0x0081be64        0x0 c:/altera/12.0sp2/nios2eds/bin/gnu/h-i686-mingw32/bin/../lib/gcc/nios2-elf/4.1.2/../../../../nios2-elf/lib\libc.a(lib_a-rand.o)
 .data          0x0081be64        0x0 c:/altera/12.0sp2/nios2eds/bin/gnu/h-i686-mingw32/bin/../lib/gcc/nios2-elf/4.1.2/../../../../nios2-elf/lib\libc.a(lib_a-sbrkr.o)
 .data          0x0081be64        0x0 c:/altera/12.0sp2/nios2eds/bin/gnu/h-i686-mingw32/bin/../lib/gcc/nios2-elf/4.1.2/../../../../nios2-elf/lib\libc.a(lib_a-sprintf.o)
 .data          0x0081be64        0x0 c:/altera/12.0sp2/nios2eds/bin/gnu/h-i686-mingw32/bin/../lib/gcc/nios2-elf/4.1.2/../../../../nios2-elf/lib\libc.a(lib_a-strcmp.o)
 .data          0x0081be64        0x0 c:/altera/12.0sp2/nios2eds/bin/gnu/h-i686-mingw32/bin/../lib/gcc/nios2-elf/4.1.2/../../../../nios2-elf/lib\libc.a(lib_a-strcpy.o)
 .data          0x0081be64        0x0 c:/altera/12.0sp2/nios2eds/bin/gnu/h-i686-mingw32/bin/../lib/gcc/nios2-elf/4.1.2/../../../../nios2-elf/lib\libc.a(lib_a-strlen.o)
 .data          0x0081be64        0x0 c:/altera/12.0sp2/nios2eds/bin/gnu/h-i686-mingw32/bin/../lib/gcc/nios2-elf/4.1.2/../../../../nios2-elf/lib\libc.a(lib_a-strncat.o)
 .data          0x0081be64        0x0 c:/altera/12.0sp2/nios2eds/bin/gnu/h-i686-mingw32/bin/../lib/gcc/nios2-elf/4.1.2/../../../../nios2-elf/lib\libc.a(lib_a-strncpy.o)
 .data          0x0081be64        0x0 c:/altera/12.0sp2/nios2eds/bin/gnu/h-i686-mingw32/bin/../lib/gcc/nios2-elf/4.1.2/../../../../nios2-elf/lib\libc.a(lib_a-strsep.o)
 .data          0x0081be64        0x0 c:/altera/12.0sp2/nios2eds/bin/gnu/h-i686-mingw32/bin/../lib/gcc/nios2-elf/4.1.2/../../../../nios2-elf/lib\libc.a(lib_a-strtok_r.o)
 .data          0x0081be64        0x0 c:/altera/12.0sp2/nios2eds/bin/gnu/h-i686-mingw32/bin/../lib/gcc/nios2-elf/4.1.2/../../../../nios2-elf/lib\libc.a(lib_a-vfprintf.o)
 .data          0x0081be64        0x0 c:/altera/12.0sp2/nios2eds/bin/gnu/h-i686-mingw32/bin/../lib/gcc/nios2-elf/4.1.2/../../../../nios2-elf/lib\libc.a(lib_a-wsetup.o)
 .data          0x0081be64        0x0 c:/altera/12.0sp2/nios2eds/bin/gnu/h-i686-mingw32/bin/../lib/gcc/nios2-elf/4.1.2/../../../../nios2-elf/lib\libc.a(lib_a-dtoa.o)
 .data          0x0081be64        0x0 c:/altera/12.0sp2/nios2eds/bin/gnu/h-i686-mingw32/bin/../lib/gcc/nios2-elf/4.1.2/../../../../nios2-elf/lib\libc.a(lib_a-fflush.o)
 .data          0x0081be64        0x0 c:/altera/12.0sp2/nios2eds/bin/gnu/h-i686-mingw32/bin/../lib/gcc/nios2-elf/4.1.2/../../../../nios2-elf/lib\libc.a(lib_a-findfp.o)
 .data          0x0081be64        0x0 c:/altera/12.0sp2/nios2eds/bin/gnu/h-i686-mingw32/bin/../lib/gcc/nios2-elf/4.1.2/../../../../nios2-elf/lib\libc.a(lib_a-freer.o)
 .data          0x0081be64        0x0 c:/altera/12.0sp2/nios2eds/bin/gnu/h-i686-mingw32/bin/../lib/gcc/nios2-elf/4.1.2/../../../../nios2-elf/lib\libc.a(lib_a-fvwrite.o)
 .data          0x0081be64        0x0 c:/altera/12.0sp2/nios2eds/bin/gnu/h-i686-mingw32/bin/../lib/gcc/nios2-elf/4.1.2/../../../../nios2-elf/lib\libc.a(lib_a-fwalk.o)
 .data          0x0081be64        0x0 c:/altera/12.0sp2/nios2eds/bin/gnu/h-i686-mingw32/bin/../lib/gcc/nios2-elf/4.1.2/../../../../nios2-elf/lib\libc.a(lib_a-int_errno.o)
 .data          0x0081be64        0xc c:/altera/12.0sp2/nios2eds/bin/gnu/h-i686-mingw32/bin/../lib/gcc/nios2-elf/4.1.2/../../../../nios2-elf/lib\libc.a(lib_a-locale.o)
                0x0081be64                __lc_ctype
 .data          0x0081be70        0x0 c:/altera/12.0sp2/nios2eds/bin/gnu/h-i686-mingw32/bin/../lib/gcc/nios2-elf/4.1.2/../../../../nios2-elf/lib\libc.a(lib_a-makebuf.o)
 .data          0x0081be70        0x0 c:/altera/12.0sp2/nios2eds/bin/gnu/h-i686-mingw32/bin/../lib/gcc/nios2-elf/4.1.2/../../../../nios2-elf/lib\libc.a(lib_a-memchr.o)
 .data          0x0081be70        0x0 c:/altera/12.0sp2/nios2eds/bin/gnu/h-i686-mingw32/bin/../lib/gcc/nios2-elf/4.1.2/../../../../nios2-elf/lib\libc.a(lib_a-memcpy.o)
 .data          0x0081be70        0x0 c:/altera/12.0sp2/nios2eds/bin/gnu/h-i686-mingw32/bin/../lib/gcc/nios2-elf/4.1.2/../../../../nios2-elf/lib\libc.a(lib_a-memmove.o)
 .data          0x0081be70        0x0 c:/altera/12.0sp2/nios2eds/bin/gnu/h-i686-mingw32/bin/../lib/gcc/nios2-elf/4.1.2/../../../../nios2-elf/lib\libc.a(lib_a-memset.o)
 .data          0x0081be70        0x0 c:/altera/12.0sp2/nios2eds/bin/gnu/h-i686-mingw32/bin/../lib/gcc/nios2-elf/4.1.2/../../../../nios2-elf/lib\libc.a(lib_a-mprec.o)
 .data          0x0081be70        0x0 c:/altera/12.0sp2/nios2eds/bin/gnu/h-i686-mingw32/bin/../lib/gcc/nios2-elf/4.1.2/../../../../nios2-elf/lib\libc.a(lib_a-reallocr.o)
 .data          0x0081be70        0x0 c:/altera/12.0sp2/nios2eds/bin/gnu/h-i686-mingw32/bin/../lib/gcc/nios2-elf/4.1.2/../../../../nios2-elf/lib\libc.a(lib_a-s_isinfd.o)
 .data          0x0081be70        0x0 c:/altera/12.0sp2/nios2eds/bin/gnu/h-i686-mingw32/bin/../lib/gcc/nios2-elf/4.1.2/../../../../nios2-elf/lib\libc.a(lib_a-stdio.o)
 .data          0x0081be70        0x0 c:/altera/12.0sp2/nios2eds/bin/gnu/h-i686-mingw32/bin/../lib/gcc/nios2-elf/4.1.2/../../../../nios2-elf/lib\libc.a(lib_a-writer.o)
 .data          0x0081be70        0x0 c:/altera/12.0sp2/nios2eds/bin/gnu/h-i686-mingw32/bin/../lib/gcc/nios2-elf/4.1.2/../../../../nios2-elf/lib\libc.a(lib_a-callocr.o)
 .data          0x0081be70        0x0 c:/altera/12.0sp2/nios2eds/bin/gnu/h-i686-mingw32/bin/../lib/gcc/nios2-elf/4.1.2/../../../../nios2-elf/lib\libc.a(lib_a-closer.o)
 .data          0x0081be70        0x0 c:/altera/12.0sp2/nios2eds/bin/gnu/h-i686-mingw32/bin/../lib/gcc/nios2-elf/4.1.2/../../../../nios2-elf/lib\libc.a(lib_a-fclose.o)
 .data          0x0081be70        0x0 c:/altera/12.0sp2/nios2eds/bin/gnu/h-i686-mingw32/bin/../lib/gcc/nios2-elf/4.1.2/../../../../nios2-elf/lib\libc.a(lib_a-fstatr.o)
 .data          0x0081be70        0x0 c:/altera/12.0sp2/nios2eds/bin/gnu/h-i686-mingw32/bin/../lib/gcc/nios2-elf/4.1.2/../../../../nios2-elf/lib\libc.a(lib_a-isattyr.o)
 .data          0x0081be70        0x0 c:/altera/12.0sp2/nios2eds/bin/gnu/h-i686-mingw32/bin/../lib/gcc/nios2-elf/4.1.2/../../../../nios2-elf/lib\libc.a(lib_a-lseekr.o)
 .data          0x0081be70        0x0 c:/altera/12.0sp2/nios2eds/bin/gnu/h-i686-mingw32/bin/../lib/gcc/nios2-elf/4.1.2/../../../../nios2-elf/lib\libc.a(lib_a-readr.o)
 .data          0x0081be70        0x0 c:/altera/12.0sp2/nios2eds/bin/gnu/h-i686-mingw32/bin/../lib/gcc/nios2-elf/4.1.2\libgcc.a(_udivdi3.o)
 .data          0x0081be70        0x0 c:/altera/12.0sp2/nios2eds/bin/gnu/h-i686-mingw32/bin/../lib/gcc/nios2-elf/4.1.2\libgcc.a(_umoddi3.o)
 .data          0x0081be70        0x0 c:/altera/12.0sp2/nios2eds/bin/gnu/h-i686-mingw32/bin/../lib/gcc/nios2-elf/4.1.2\libgcc.a(_eq_df.o)
 .data          0x0081be70        0x0 c:/altera/12.0sp2/nios2eds/bin/gnu/h-i686-mingw32/bin/../lib/gcc/nios2-elf/4.1.2\libgcc.a(_ne_df.o)
 .data          0x0081be70        0x0 c:/altera/12.0sp2/nios2eds/bin/gnu/h-i686-mingw32/bin/../lib/gcc/nios2-elf/4.1.2\libgcc.a(_gt_df.o)
 .data          0x0081be70        0x0 c:/altera/12.0sp2/nios2eds/bin/gnu/h-i686-mingw32/bin/../lib/gcc/nios2-elf/4.1.2\libgcc.a(_ge_df.o)
 .data          0x0081be70        0x0 c:/altera/12.0sp2/nios2eds/bin/gnu/h-i686-mingw32/bin/../lib/gcc/nios2-elf/4.1.2\libgcc.a(_si_to_df.o)
 .data          0x0081be70        0x0 c:/altera/12.0sp2/nios2eds/bin/gnu/h-i686-mingw32/bin/../lib/gcc/nios2-elf/4.1.2\libgcc.a(_df_to_si.o)
 .data          0x0081be70        0x0 c:/altera/12.0sp2/nios2eds/bin/gnu/h-i686-mingw32/bin/../lib/gcc/nios2-elf/4.1.2\libgcc.a(_usi_to_df.o)
 .data          0x0081be70        0x0 ../TowerDefence_bsp/\libhal_bsp.a(alt_alarm_start.o)
 .data          0x0081be70        0x0 ../TowerDefence_bsp/\libhal_bsp.a(alt_close.o)
 .data          0x0081be70      0x1a8 ../TowerDefence_bsp/\libhal_bsp.a(alt_dev.o)
                0x0081be70                alt_dev_null
                0x0081be98                alt_fd_list
 .data          0x0081c018        0x0 ../TowerDefence_bsp/\libhal_bsp.a(alt_errno.o)
 .data          0x0081c018        0x0 ../TowerDefence_bsp/\libhal_bsp.a(alt_fstat.o)
 .data          0x0081c018        0x0 ../TowerDefence_bsp/\libhal_bsp.a(alt_isatty.o)
 .data          0x0081c018        0x0 ../TowerDefence_bsp/\libhal_bsp.a(alt_load.o)
 .data          0x0081c018        0x0 ../TowerDefence_bsp/\libhal_bsp.a(alt_lseek.o)
 .data          0x0081c018        0x0 ../TowerDefence_bsp/\libhal_bsp.a(alt_main.o)
 .data          0x0081c018        0x0 ../TowerDefence_bsp/\libhal_bsp.a(alt_malloc_lock.o)
 .data          0x0081c018        0x0 ../TowerDefence_bsp/\libhal_bsp.a(alt_read.o)
 .data          0x0081c018        0x0 ../TowerDefence_bsp/\libhal_bsp.a(alt_release_fd.o)
 .data          0x0081c018        0x0 ../TowerDefence_bsp/\libhal_bsp.a(alt_sbrk.o)
 .data          0x0081c018        0x0 ../TowerDefence_bsp/\libhal_bsp.a(alt_tick.o)
 .data          0x0081c018        0x0 ../TowerDefence_bsp/\libhal_bsp.a(alt_usleep.o)
 .data          0x0081c018        0x0 ../TowerDefence_bsp/\libhal_bsp.a(alt_write.o)
 .data          0x0081c018     0x1128 ../TowerDefence_bsp/\libhal_bsp.a(alt_sys_init.o)
 .data          0x0081d140        0x0 ../TowerDefence_bsp/\libhal_bsp.a(altera_avalon_jtag_uart_fd.o)
 .data          0x0081d140        0x0 ../TowerDefence_bsp/\libhal_bsp.a(altera_avalon_jtag_uart_init.o)
 .data          0x0081d140        0x0 ../TowerDefence_bsp/\libhal_bsp.a(altera_avalon_jtag_uart_ioctl.o)
 .data          0x0081d140        0x0 ../TowerDefence_bsp/\libhal_bsp.a(altera_avalon_jtag_uart_read.o)
 .data          0x0081d140        0x0 ../TowerDefence_bsp/\libhal_bsp.a(altera_avalon_jtag_uart_write.o)
 .data          0x0081d140        0x0 ../TowerDefence_bsp/\libhal_bsp.a(altera_avalon_timer_sc.o)
 .data          0x0081d140        0x0 ../TowerDefence_bsp/\libhal_bsp.a(altera_avalon_timer_vars.o)
 .data          0x0081d140        0x0 ../TowerDefence_bsp/\libhal_bsp.a(altera_up_avalon_video_character_buffer_with_dma.o)
 .data          0x0081d140        0x0 ../TowerDefence_bsp/\libhal_bsp.a(altera_up_avalon_video_pixel_buffer_dma.o)
 .data          0x0081d140        0x0 ../TowerDefence_bsp/\libhal_bsp.a(altera_up_sd_card_avalon_interface.o)
 .data          0x0081d140        0x0 ../TowerDefence_bsp/\libhal_bsp.a(alt_busy_sleep.o)
 .data          0x0081d140        0x0 ../TowerDefence_bsp/\libhal_bsp.a(alt_dcache_flush_all.o)
 .data          0x0081d140        0x0 ../TowerDefence_bsp/\libhal_bsp.a(alt_dev_llist_insert.o)
 .data          0x0081d140        0x0 ../TowerDefence_bsp/\libhal_bsp.a(alt_do_ctors.o)
 .data          0x0081d140        0x0 ../TowerDefence_bsp/\libhal_bsp.a(alt_do_dtors.o)
 .data          0x0081d140        0x0 ../TowerDefence_bsp/\libhal_bsp.a(alt_find_dev.o)
 .data          0x0081d140        0x0 ../TowerDefence_bsp/\libhal_bsp.a(alt_icache_flush_all.o)
 .data          0x0081d140        0x0 ../TowerDefence_bsp/\libhal_bsp.a(alt_iic.o)
 .data          0x0081d140        0x0 ../TowerDefence_bsp/\libhal_bsp.a(alt_iic_isr_register.o)
 .data          0x0081d140        0x0 ../TowerDefence_bsp/\libhal_bsp.a(alt_io_redirect.o)
 .data          0x0081d140        0x0 ../TowerDefence_bsp/\libhal_bsp.a(alt_irq_entry.o)
 .data          0x0081d140        0x0 ../TowerDefence_bsp/\libhal_bsp.a(alt_irq_handler.o)
 .data          0x0081d140        0x0 ../TowerDefence_bsp/\libhal_bsp.a(alt_irq_vars.o)
 .data          0x0081d140        0x0 ../TowerDefence_bsp/\libhal_bsp.a(alt_open.o)
 .data          0x0081d140        0x0 ../TowerDefence_bsp/\libhal_bsp.a(altera_nios2_qsys_irq.o)
 .data          0x0081d140        0x0 ../TowerDefence_bsp/\libhal_bsp.a(alt_exception_entry.o)
 .data          0x0081d140        0x0 ../TowerDefence_bsp/\libhal_bsp.a(alt_find_file.o)
 .data          0x0081d140        0x0 ../TowerDefence_bsp/\libhal_bsp.a(alt_get_fd.o)
 .data          0x0081d140        0x0 ../TowerDefence_bsp/\libhal_bsp.a(alt_icache_flush.o)
 .data          0x0081d140        0x0 c:/altera/12.0sp2/nios2eds/bin/gnu/h-i686-mingw32/bin/../lib/gcc/nios2-elf/4.1.2/../../../../nios2-elf/lib\libc.a(lib_a-atexit.o)
 .data          0x0081d140        0x0 c:/altera/12.0sp2/nios2eds/bin/gnu/h-i686-mingw32/bin/../lib/gcc/nios2-elf/4.1.2/../../../../nios2-elf/lib\libc.a(lib_a-exit.o)
 .data          0x0081d140        0x0 c:/altera/12.0sp2/nios2eds/bin/gnu/h-i686-mingw32/bin/../lib/gcc/nios2-elf/4.1.2/../../../../nios2-elf/lib\libc.a(lib_a-memcmp.o)
 .data          0x0081d140        0x0 c:/altera/12.0sp2/nios2eds/bin/gnu/h-i686-mingw32/bin/../lib/gcc/nios2-elf/4.1.2/../../../../nios2-elf/lib\libc.a(lib_a-__atexit.o)
 .data          0x0081d140        0x0 c:/altera/12.0sp2/nios2eds/bin/gnu/h-i686-mingw32/bin/../lib/gcc/nios2-elf/4.1.2/../../../../nios2-elf/lib\libc.a(lib_a-__call_atexit.o)
 .data          0x0081d140        0x0 ../TowerDefence_bsp/\libhal_bsp.a(alt_exit.o)
                0x00825140                _gp = ABSOLUTE ((. + 0x8000))
                0x00825140                PROVIDE (gp, _gp)
 *(.rwdata .rwdata.*)
 *(.sdata .sdata.* .gnu.linkonce.s.*)
 .sdata         0x0081d140        0x4 obj/default/Env.o
 .sdata         0x0081d144        0x4 obj/default/Frame.o
 .sdata         0x0081d148        0x4 obj/default/Game.o
 .sdata         0x0081d14c        0x4 obj/default/GameInfo.o
 .sdata         0x0081d150        0x4 obj/default/Object.o
 .sdata         0x0081d154        0x4 obj/default/animation.o
 .sdata         0x0081d158        0x4 obj/default/hardCode.o
                0x0081d158                star
 .sdata         0x0081d15c        0x4 c:/altera/12.0sp2/nios2eds/bin/gnu/h-i686-mingw32/bin/../lib/gcc/nios2-elf/4.1.2/../../../../nios2-elf/lib\libm.a(lib_a-s_lib_ver.o)
                0x0081d15c                __fdlib_version
 .sdata         0x0081d160        0x8 c:/altera/12.0sp2/nios2eds/bin/gnu/h-i686-mingw32/bin/../lib/gcc/nios2-elf/4.1.2/../../../../nios2-elf/lib\libc.a(lib_a-impure.o)
                0x0081d160                _impure_ptr
                0x0081d164                _global_impure_ptr
 .sdata         0x0081d168        0x8 c:/altera/12.0sp2/nios2eds/bin/gnu/h-i686-mingw32/bin/../lib/gcc/nios2-elf/4.1.2/../../../../nios2-elf/lib\libc.a(lib_a-mallocr.o)
                0x0081d168                __malloc_trim_threshold
                0x0081d16c                __malloc_sbrk_base
 .sdata         0x0081d170        0x8 c:/altera/12.0sp2/nios2eds/bin/gnu/h-i686-mingw32/bin/../lib/gcc/nios2-elf/4.1.2/../../../../nios2-elf/lib\libc.a(lib_a-locale.o)
                0x0081d170                __mb_cur_max
 .sdata         0x0081d178       0x14 ../TowerDefence_bsp/\libhal_bsp.a(alt_dev.o)
                0x0081d178                alt_fs_list
                0x0081d180                alt_dev_list
                0x0081d188                alt_max_fd
 .sdata         0x0081d18c        0x4 ../TowerDefence_bsp/\libhal_bsp.a(alt_errno.o)
                0x0081d18c                alt_errno
 .sdata         0x0081d190        0x4 ../TowerDefence_bsp/\libhal_bsp.a(alt_sbrk.o)
 .sdata         0x0081d194        0x8 ../TowerDefence_bsp/\libhal_bsp.a(alt_tick.o)
                0x0081d194                alt_alarm_list
 .sdata         0x0081d19c        0x4 ../TowerDefence_bsp/\libhal_bsp.a(alt_irq_vars.o)
                0x0081d19c                alt_priority_mask
 *(.sdata2 .sdata2.* .gnu.linkonce.s2.*)
                0x0081d1a0                . = ALIGN (0x4)
                0x0081d1a0                _edata = ABSOLUTE (.)
                0x0081d1a0                PROVIDE (edata, ABSOLUTE (.))
                0x0081d1a0                PROVIDE (__ram_rwdata_end, ABSOLUTE (.))
                0x0081d1a0                PROVIDE (__flash_rwdata_start, LOADADDR (.rwdata))

.bss            0x00824134      0x898
                0x00824134                __bss_start = ABSOLUTE (.)
                0x00824134                PROVIDE (__sbss_start, ABSOLUTE (.))
                0x00824134                PROVIDE (___sbss_start, ABSOLUTE (.))
 *(.dynsbss)
 *(.sbss .sbss.* .gnu.linkonce.sb.*)
 .sbss          0x00824134        0x4 obj/default/Env.o
                0x00824134                char_buffer
 .sbss          0x00824138        0x4 obj/default/Game.o
                0x00824138                swap
 .sbss          0x0082413c        0xc c:/altera/12.0sp2/nios2eds/bin/gnu/h-i686-mingw32/bin/../lib/gcc/nios2-elf/4.1.2/../../../../nios2-elf/lib\libc.a(lib_a-mallocr.o)
                0x0082413c                __malloc_top_pad
                0x00824140                __malloc_max_sbrked_mem
                0x00824144                __malloc_max_total_mem
 .sbss          0x00824148        0x4 c:/altera/12.0sp2/nios2eds/bin/gnu/h-i686-mingw32/bin/../lib/gcc/nios2-elf/4.1.2/../../../../nios2-elf/lib\libc.a(lib_a-int_errno.o)
                0x00824148                errno
 .sbss          0x0082414c        0xc c:/altera/12.0sp2/nios2eds/bin/gnu/h-i686-mingw32/bin/../lib/gcc/nios2-elf/4.1.2/../../../../nios2-elf/lib\libc.a(lib_a-locale.o)
                0x0082414c                __nlocale_changed
                0x00824150                __mlocale_changed
                0x00824154                _PathLocale
 .sbss          0x00824158        0xc ../TowerDefence_bsp/\libhal_bsp.a(alt_main.o)
                0x00824158                alt_argc
                0x0082415c                alt_argv
                0x00824160                alt_envp
 .sbss          0x00824164        0x8 ../TowerDefence_bsp/\libhal_bsp.a(alt_tick.o)
                0x00824164                _alt_tick_rate
                0x00824168                _alt_nticks
 .sbss          0x0082416c        0x8 ../TowerDefence_bsp/\libhal_bsp.a(altera_avalon_timer_vars.o)
                0x0082416c                altera_avalon_timer_ts_base
                0x00824170                altera_avalon_timer_ts_freq
 .sbss          0x00824174       0x34 ../TowerDefence_bsp/\libhal_bsp.a(altera_up_sd_card_avalon_interface.o)
                0x00824174                initialized
                0x00824178                is_sd_card_formated_as_FAT16
                0x0082417c                aux_status_register
                0x00824180                status_register
                0x00824184                CSD_register_w0
                0x00824188                command_register
                0x0082418c                command_argument_register
                0x00824190                buffer_memory
                0x00824194                fat_partition_offset_in_512_byte_sectors
                0x00824198                fat_partition_size_in_512_byte_sectors
                0x0082419c                device_pointer
                0x008241a0                current_sector_modified
                0x008241a4                current_sector_index
 .sbss          0x008241a8        0x4 ../TowerDefence_bsp/\libhal_bsp.a(alt_irq_vars.o)
                0x008241a8                alt_irq_active
 *(.sbss2 .sbss2.* .gnu.linkonce.sb2.*)
 *(.scommon)
                0x008241ac                PROVIDE (__sbss_end, ABSOLUTE (.))
                0x008241ac                PROVIDE (___sbss_end, ABSOLUTE (.))
 *(.dynbss)
 *(.bss .bss.* .gnu.linkonce.b.*)
 .bss           0x008241ac        0x0 ../TowerDefence_bsp//obj/HAL/src/crt0.o
 .bss           0x008241ac        0x0 obj/default/Env.o
 .bss           0x008241ac        0x0 obj/default/Frame.o
 .bss           0x008241ac        0x0 obj/default/Game.o
 .bss           0x008241ac        0x0 obj/default/GameInfo.o
 .bss           0x008241ac        0x0 obj/default/Object.o
 .bss           0x008241ac        0x0 obj/default/animation.o
 .bss           0x008241ac        0x0 obj/default/hardCode.o
 .bss           0x008241ac        0x0 c:/altera/12.0sp2/nios2eds/bin/gnu/h-i686-mingw32/bin/../lib/gcc/nios2-elf/4.1.2/../../../../nios2-elf/lib\libm.a(lib_a-w_sqrt.o)
 .bss           0x008241ac        0x0 c:/altera/12.0sp2/nios2eds/bin/gnu/h-i686-mingw32/bin/../lib/gcc/nios2-elf/4.1.2/../../../../nios2-elf/lib\libm.a(lib_a-e_sqrt.o)
 .bss           0x008241ac        0x0 c:/altera/12.0sp2/nios2eds/bin/gnu/h-i686-mingw32/bin/../lib/gcc/nios2-elf/4.1.2/../../../../nios2-elf/lib\libm.a(lib_a-s_isnand.o)
 .bss           0x008241ac        0x0 c:/altera/12.0sp2/nios2eds/bin/gnu/h-i686-mingw32/bin/../lib/gcc/nios2-elf/4.1.2/../../../../nios2-elf/lib\libm.a(lib_a-s_lib_ver.o)
 .bss           0x008241ac        0x0 c:/altera/12.0sp2/nios2eds/bin/gnu/h-i686-mingw32/bin/../lib/gcc/nios2-elf/4.1.2/../../../../nios2-elf/lib\libm.a(lib_a-s_matherr.o)
 .bss           0x008241ac        0x0 c:/altera/12.0sp2/nios2eds/bin/gnu/h-i686-mingw32/bin/../lib/gcc/nios2-elf/4.1.2\libgcc.a(_le_sf.o)
 .bss           0x008241ac        0x0 c:/altera/12.0sp2/nios2eds/bin/gnu/h-i686-mingw32/bin/../lib/gcc/nios2-elf/4.1.2\libgcc.a(_si_to_sf.o)
 .bss           0x008241ac        0x0 c:/altera/12.0sp2/nios2eds/bin/gnu/h-i686-mingw32/bin/../lib/gcc/nios2-elf/4.1.2\libgcc.a(_sf_to_df.o)
 .bss           0x008241ac        0x0 c:/altera/12.0sp2/nios2eds/bin/gnu/h-i686-mingw32/bin/../lib/gcc/nios2-elf/4.1.2\libgcc.a(_addsub_df.o)
 .bss           0x008241ac        0x0 c:/altera/12.0sp2/nios2eds/bin/gnu/h-i686-mingw32/bin/../lib/gcc/nios2-elf/4.1.2\libgcc.a(_mul_df.o)
 .bss           0x008241ac        0x0 c:/altera/12.0sp2/nios2eds/bin/gnu/h-i686-mingw32/bin/../lib/gcc/nios2-elf/4.1.2\libgcc.a(_div_df.o)
 .bss           0x008241ac        0x0 c:/altera/12.0sp2/nios2eds/bin/gnu/h-i686-mingw32/bin/../lib/gcc/nios2-elf/4.1.2\libgcc.a(_lt_df.o)
 .bss           0x008241ac        0x0 c:/altera/12.0sp2/nios2eds/bin/gnu/h-i686-mingw32/bin/../lib/gcc/nios2-elf/4.1.2\libgcc.a(_make_df.o)
 .bss           0x008241ac        0x0 c:/altera/12.0sp2/nios2eds/bin/gnu/h-i686-mingw32/bin/../lib/gcc/nios2-elf/4.1.2\libgcc.a(_df_to_sf.o)
 .bss           0x008241ac        0x0 c:/altera/12.0sp2/nios2eds/bin/gnu/h-i686-mingw32/bin/../lib/gcc/nios2-elf/4.1.2\libgcc.a(_thenan_df.o)
 .bss           0x008241ac        0x0 c:/altera/12.0sp2/nios2eds/bin/gnu/h-i686-mingw32/bin/../lib/gcc/nios2-elf/4.1.2\libgcc.a(lib2-divmod.o)
 .bss           0x008241ac        0x0 c:/altera/12.0sp2/nios2eds/bin/gnu/h-i686-mingw32/bin/../lib/gcc/nios2-elf/4.1.2\libgcc.a(_muldi3.o)
 .bss           0x008241ac        0x0 c:/altera/12.0sp2/nios2eds/bin/gnu/h-i686-mingw32/bin/../lib/gcc/nios2-elf/4.1.2\libgcc.a(_clzsi2.o)
 .bss           0x008241ac        0x0 c:/altera/12.0sp2/nios2eds/bin/gnu/h-i686-mingw32/bin/../lib/gcc/nios2-elf/4.1.2\libgcc.a(_pack_sf.o)
 .bss           0x008241ac        0x0 c:/altera/12.0sp2/nios2eds/bin/gnu/h-i686-mingw32/bin/../lib/gcc/nios2-elf/4.1.2\libgcc.a(_unpack_sf.o)
 .bss           0x008241ac        0x0 c:/altera/12.0sp2/nios2eds/bin/gnu/h-i686-mingw32/bin/../lib/gcc/nios2-elf/4.1.2\libgcc.a(_fpcmp_parts_sf.o)
 .bss           0x008241ac        0x0 c:/altera/12.0sp2/nios2eds/bin/gnu/h-i686-mingw32/bin/../lib/gcc/nios2-elf/4.1.2\libgcc.a(_make_sf.o)
 .bss           0x008241ac        0x0 c:/altera/12.0sp2/nios2eds/bin/gnu/h-i686-mingw32/bin/../lib/gcc/nios2-elf/4.1.2\libgcc.a(_pack_df.o)
 .bss           0x008241ac        0x0 c:/altera/12.0sp2/nios2eds/bin/gnu/h-i686-mingw32/bin/../lib/gcc/nios2-elf/4.1.2\libgcc.a(_unpack_df.o)
 .bss           0x008241ac        0x0 c:/altera/12.0sp2/nios2eds/bin/gnu/h-i686-mingw32/bin/../lib/gcc/nios2-elf/4.1.2\libgcc.a(_fpcmp_parts_df.o)
 .bss           0x008241ac        0x0 c:/altera/12.0sp2/nios2eds/bin/gnu/h-i686-mingw32/bin/../lib/gcc/nios2-elf/4.1.2\libgcc.a(_clz.o)
 .bss           0x008241ac        0x0 c:/altera/12.0sp2/nios2eds/bin/gnu/h-i686-mingw32/bin/../lib/gcc/nios2-elf/4.1.2/../../../../nios2-elf/lib\libc.a(lib_a-errno.o)
 .bss           0x008241ac        0x0 c:/altera/12.0sp2/nios2eds/bin/gnu/h-i686-mingw32/bin/../lib/gcc/nios2-elf/4.1.2/../../../../nios2-elf/lib\libc.a(lib_a-impure.o)
 .bss           0x008241ac        0x0 c:/altera/12.0sp2/nios2eds/bin/gnu/h-i686-mingw32/bin/../lib/gcc/nios2-elf/4.1.2/../../../../nios2-elf/lib\libc.a(lib_a-malloc.o)
 .bss           0x008241ac       0x28 c:/altera/12.0sp2/nios2eds/bin/gnu/h-i686-mingw32/bin/../lib/gcc/nios2-elf/4.1.2/../../../../nios2-elf/lib\libc.a(lib_a-mallocr.o)
                0x008241ac                __malloc_current_mallinfo
 .bss           0x008241d4        0x0 c:/altera/12.0sp2/nios2eds/bin/gnu/h-i686-mingw32/bin/../lib/gcc/nios2-elf/4.1.2/../../../../nios2-elf/lib\libc.a(lib_a-printf.o)
 .bss           0x008241d4        0x0 c:/altera/12.0sp2/nios2eds/bin/gnu/h-i686-mingw32/bin/../lib/gcc/nios2-elf/4.1.2/../../../../nios2-elf/lib\libc.a(lib_a-puts.o)
 .bss           0x008241d4        0x0 c:/altera/12.0sp2/nios2eds/bin/gnu/h-i686-mingw32/bin/../lib/gcc/nios2-elf/4.1.2/../../../../nios2-elf/lib\libc.a(lib_a-rand.o)
 .bss           0x008241d4        0x0 c:/altera/12.0sp2/nios2eds/bin/gnu/h-i686-mingw32/bin/../lib/gcc/nios2-elf/4.1.2/../../../../nios2-elf/lib\libc.a(lib_a-sbrkr.o)
 .bss           0x008241d4        0x0 c:/altera/12.0sp2/nios2eds/bin/gnu/h-i686-mingw32/bin/../lib/gcc/nios2-elf/4.1.2/../../../../nios2-elf/lib\libc.a(lib_a-sprintf.o)
 .bss           0x008241d4        0x0 c:/altera/12.0sp2/nios2eds/bin/gnu/h-i686-mingw32/bin/../lib/gcc/nios2-elf/4.1.2/../../../../nios2-elf/lib\libc.a(lib_a-strcmp.o)
 .bss           0x008241d4        0x0 c:/altera/12.0sp2/nios2eds/bin/gnu/h-i686-mingw32/bin/../lib/gcc/nios2-elf/4.1.2/../../../../nios2-elf/lib\libc.a(lib_a-strcpy.o)
 .bss           0x008241d4        0x0 c:/altera/12.0sp2/nios2eds/bin/gnu/h-i686-mingw32/bin/../lib/gcc/nios2-elf/4.1.2/../../../../nios2-elf/lib\libc.a(lib_a-strlen.o)
 .bss           0x008241d4        0x0 c:/altera/12.0sp2/nios2eds/bin/gnu/h-i686-mingw32/bin/../lib/gcc/nios2-elf/4.1.2/../../../../nios2-elf/lib\libc.a(lib_a-strncat.o)
 .bss           0x008241d4        0x0 c:/altera/12.0sp2/nios2eds/bin/gnu/h-i686-mingw32/bin/../lib/gcc/nios2-elf/4.1.2/../../../../nios2-elf/lib\libc.a(lib_a-strncpy.o)
 .bss           0x008241d4        0x0 c:/altera/12.0sp2/nios2eds/bin/gnu/h-i686-mingw32/bin/../lib/gcc/nios2-elf/4.1.2/../../../../nios2-elf/lib\libc.a(lib_a-strsep.o)
 .bss           0x008241d4        0x0 c:/altera/12.0sp2/nios2eds/bin/gnu/h-i686-mingw32/bin/../lib/gcc/nios2-elf/4.1.2/../../../../nios2-elf/lib\libc.a(lib_a-strtok_r.o)
 .bss           0x008241d4        0x0 c:/altera/12.0sp2/nios2eds/bin/gnu/h-i686-mingw32/bin/../lib/gcc/nios2-elf/4.1.2/../../../../nios2-elf/lib\libc.a(lib_a-vfprintf.o)
 .bss           0x008241d4        0x0 c:/altera/12.0sp2/nios2eds/bin/gnu/h-i686-mingw32/bin/../lib/gcc/nios2-elf/4.1.2/../../../../nios2-elf/lib\libc.a(lib_a-wsetup.o)
 .bss           0x008241d4        0x0 c:/altera/12.0sp2/nios2eds/bin/gnu/h-i686-mingw32/bin/../lib/gcc/nios2-elf/4.1.2/../../../../nios2-elf/lib\libc.a(lib_a-dtoa.o)
 .bss           0x008241d4        0x0 c:/altera/12.0sp2/nios2eds/bin/gnu/h-i686-mingw32/bin/../lib/gcc/nios2-elf/4.1.2/../../../../nios2-elf/lib\libc.a(lib_a-fflush.o)
 .bss           0x008241d4        0x0 c:/altera/12.0sp2/nios2eds/bin/gnu/h-i686-mingw32/bin/../lib/gcc/nios2-elf/4.1.2/../../../../nios2-elf/lib\libc.a(lib_a-findfp.o)
 .bss           0x008241d4        0x0 c:/altera/12.0sp2/nios2eds/bin/gnu/h-i686-mingw32/bin/../lib/gcc/nios2-elf/4.1.2/../../../../nios2-elf/lib\libc.a(lib_a-freer.o)
 .bss           0x008241d4        0x0 c:/altera/12.0sp2/nios2eds/bin/gnu/h-i686-mingw32/bin/../lib/gcc/nios2-elf/4.1.2/../../../../nios2-elf/lib\libc.a(lib_a-fvwrite.o)
 .bss           0x008241d4        0x0 c:/altera/12.0sp2/nios2eds/bin/gnu/h-i686-mingw32/bin/../lib/gcc/nios2-elf/4.1.2/../../../../nios2-elf/lib\libc.a(lib_a-fwalk.o)
 .bss           0x008241d4        0x0 c:/altera/12.0sp2/nios2eds/bin/gnu/h-i686-mingw32/bin/../lib/gcc/nios2-elf/4.1.2/../../../../nios2-elf/lib\libc.a(lib_a-int_errno.o)
 .bss           0x008241d4        0x0 c:/altera/12.0sp2/nios2eds/bin/gnu/h-i686-mingw32/bin/../lib/gcc/nios2-elf/4.1.2/../../../../nios2-elf/lib\libc.a(lib_a-locale.o)
 .bss           0x008241d4        0x0 c:/altera/12.0sp2/nios2eds/bin/gnu/h-i686-mingw32/bin/../lib/gcc/nios2-elf/4.1.2/../../../../nios2-elf/lib\libc.a(lib_a-makebuf.o)
 .bss           0x008241d4        0x0 c:/altera/12.0sp2/nios2eds/bin/gnu/h-i686-mingw32/bin/../lib/gcc/nios2-elf/4.1.2/../../../../nios2-elf/lib\libc.a(lib_a-memchr.o)
 .bss           0x008241d4        0x0 c:/altera/12.0sp2/nios2eds/bin/gnu/h-i686-mingw32/bin/../lib/gcc/nios2-elf/4.1.2/../../../../nios2-elf/lib\libc.a(lib_a-memcpy.o)
 .bss           0x008241d4        0x0 c:/altera/12.0sp2/nios2eds/bin/gnu/h-i686-mingw32/bin/../lib/gcc/nios2-elf/4.1.2/../../../../nios2-elf/lib\libc.a(lib_a-memmove.o)
 .bss           0x008241d4        0x0 c:/altera/12.0sp2/nios2eds/bin/gnu/h-i686-mingw32/bin/../lib/gcc/nios2-elf/4.1.2/../../../../nios2-elf/lib\libc.a(lib_a-memset.o)
 .bss           0x008241d4        0x0 c:/altera/12.0sp2/nios2eds/bin/gnu/h-i686-mingw32/bin/../lib/gcc/nios2-elf/4.1.2/../../../../nios2-elf/lib\libc.a(lib_a-mprec.o)
 .bss           0x008241d4        0x0 c:/altera/12.0sp2/nios2eds/bin/gnu/h-i686-mingw32/bin/../lib/gcc/nios2-elf/4.1.2/../../../../nios2-elf/lib\libc.a(lib_a-reallocr.o)
 .bss           0x008241d4        0x0 c:/altera/12.0sp2/nios2eds/bin/gnu/h-i686-mingw32/bin/../lib/gcc/nios2-elf/4.1.2/../../../../nios2-elf/lib\libc.a(lib_a-s_isinfd.o)
 .bss           0x008241d4        0x0 c:/altera/12.0sp2/nios2eds/bin/gnu/h-i686-mingw32/bin/../lib/gcc/nios2-elf/4.1.2/../../../../nios2-elf/lib\libc.a(lib_a-stdio.o)
 .bss           0x008241d4        0x0 c:/altera/12.0sp2/nios2eds/bin/gnu/h-i686-mingw32/bin/../lib/gcc/nios2-elf/4.1.2/../../../../nios2-elf/lib\libc.a(lib_a-writer.o)
 .bss           0x008241d4        0x0 c:/altera/12.0sp2/nios2eds/bin/gnu/h-i686-mingw32/bin/../lib/gcc/nios2-elf/4.1.2/../../../../nios2-elf/lib\libc.a(lib_a-callocr.o)
 .bss           0x008241d4        0x0 c:/altera/12.0sp2/nios2eds/bin/gnu/h-i686-mingw32/bin/../lib/gcc/nios2-elf/4.1.2/../../../../nios2-elf/lib\libc.a(lib_a-closer.o)
 .bss           0x008241d4        0x0 c:/altera/12.0sp2/nios2eds/bin/gnu/h-i686-mingw32/bin/../lib/gcc/nios2-elf/4.1.2/../../../../nios2-elf/lib\libc.a(lib_a-fclose.o)
 .bss           0x008241d4        0x0 c:/altera/12.0sp2/nios2eds/bin/gnu/h-i686-mingw32/bin/../lib/gcc/nios2-elf/4.1.2/../../../../nios2-elf/lib\libc.a(lib_a-fstatr.o)
 .bss           0x008241d4        0x0 c:/altera/12.0sp2/nios2eds/bin/gnu/h-i686-mingw32/bin/../lib/gcc/nios2-elf/4.1.2/../../../../nios2-elf/lib\libc.a(lib_a-isattyr.o)
 .bss           0x008241d4        0x0 c:/altera/12.0sp2/nios2eds/bin/gnu/h-i686-mingw32/bin/../lib/gcc/nios2-elf/4.1.2/../../../../nios2-elf/lib\libc.a(lib_a-lseekr.o)
 .bss           0x008241d4        0x0 c:/altera/12.0sp2/nios2eds/bin/gnu/h-i686-mingw32/bin/../lib/gcc/nios2-elf/4.1.2/../../../../nios2-elf/lib\libc.a(lib_a-readr.o)
 .bss           0x008241d4        0x0 c:/altera/12.0sp2/nios2eds/bin/gnu/h-i686-mingw32/bin/../lib/gcc/nios2-elf/4.1.2\libgcc.a(_udivdi3.o)
 .bss           0x008241d4        0x0 c:/altera/12.0sp2/nios2eds/bin/gnu/h-i686-mingw32/bin/../lib/gcc/nios2-elf/4.1.2\libgcc.a(_umoddi3.o)
 .bss           0x008241d4        0x0 c:/altera/12.0sp2/nios2eds/bin/gnu/h-i686-mingw32/bin/../lib/gcc/nios2-elf/4.1.2\libgcc.a(_eq_df.o)
 .bss           0x008241d4        0x0 c:/altera/12.0sp2/nios2eds/bin/gnu/h-i686-mingw32/bin/../lib/gcc/nios2-elf/4.1.2\libgcc.a(_ne_df.o)
 .bss           0x008241d4        0x0 c:/altera/12.0sp2/nios2eds/bin/gnu/h-i686-mingw32/bin/../lib/gcc/nios2-elf/4.1.2\libgcc.a(_gt_df.o)
 .bss           0x008241d4        0x0 c:/altera/12.0sp2/nios2eds/bin/gnu/h-i686-mingw32/bin/../lib/gcc/nios2-elf/4.1.2\libgcc.a(_ge_df.o)
 .bss           0x008241d4        0x0 c:/altera/12.0sp2/nios2eds/bin/gnu/h-i686-mingw32/bin/../lib/gcc/nios2-elf/4.1.2\libgcc.a(_si_to_df.o)
 .bss           0x008241d4        0x0 c:/altera/12.0sp2/nios2eds/bin/gnu/h-i686-mingw32/bin/../lib/gcc/nios2-elf/4.1.2\libgcc.a(_df_to_si.o)
 .bss           0x008241d4        0x0 c:/altera/12.0sp2/nios2eds/bin/gnu/h-i686-mingw32/bin/../lib/gcc/nios2-elf/4.1.2\libgcc.a(_usi_to_df.o)
 .bss           0x008241d4        0x0 ../TowerDefence_bsp/\libhal_bsp.a(alt_alarm_start.o)
 .bss           0x008241d4        0x0 ../TowerDefence_bsp/\libhal_bsp.a(alt_close.o)
 .bss           0x008241d4        0x0 ../TowerDefence_bsp/\libhal_bsp.a(alt_dev.o)
 .bss           0x008241d4        0x0 ../TowerDefence_bsp/\libhal_bsp.a(alt_errno.o)
 .bss           0x008241d4        0x0 ../TowerDefence_bsp/\libhal_bsp.a(alt_fstat.o)
 .bss           0x008241d4        0x0 ../TowerDefence_bsp/\libhal_bsp.a(alt_isatty.o)
 .bss           0x008241d4        0x0 ../TowerDefence_bsp/\libhal_bsp.a(alt_load.o)
 .bss           0x008241d4        0x0 ../TowerDefence_bsp/\libhal_bsp.a(alt_lseek.o)
 .bss           0x008241d4        0x0 ../TowerDefence_bsp/\libhal_bsp.a(alt_main.o)
 .bss           0x008241d4        0x0 ../TowerDefence_bsp/\libhal_bsp.a(alt_malloc_lock.o)
 .bss           0x008241d4        0x0 ../TowerDefence_bsp/\libhal_bsp.a(alt_read.o)
 .bss           0x008241d4        0x0 ../TowerDefence_bsp/\libhal_bsp.a(alt_release_fd.o)
 .bss           0x008241d4        0x0 ../TowerDefence_bsp/\libhal_bsp.a(alt_sbrk.o)
 .bss           0x008241d4        0x0 ../TowerDefence_bsp/\libhal_bsp.a(alt_tick.o)
 .bss           0x008241d4        0x0 ../TowerDefence_bsp/\libhal_bsp.a(alt_usleep.o)
 .bss           0x008241d4        0x0 ../TowerDefence_bsp/\libhal_bsp.a(alt_write.o)
 .bss           0x008241d4        0x0 ../TowerDefence_bsp/\libhal_bsp.a(alt_sys_init.o)
 .bss           0x008241d4        0x0 ../TowerDefence_bsp/\libhal_bsp.a(altera_avalon_jtag_uart_fd.o)
 .bss           0x008241d4        0x0 ../TowerDefence_bsp/\libhal_bsp.a(altera_avalon_jtag_uart_init.o)
 .bss           0x008241d4        0x0 ../TowerDefence_bsp/\libhal_bsp.a(altera_avalon_jtag_uart_ioctl.o)
 .bss           0x008241d4        0x0 ../TowerDefence_bsp/\libhal_bsp.a(altera_avalon_jtag_uart_read.o)
 .bss           0x008241d4        0x0 ../TowerDefence_bsp/\libhal_bsp.a(altera_avalon_jtag_uart_write.o)
 .bss           0x008241d4        0x0 ../TowerDefence_bsp/\libhal_bsp.a(altera_avalon_timer_sc.o)
 .bss           0x008241d4        0x0 ../TowerDefence_bsp/\libhal_bsp.a(altera_avalon_timer_vars.o)
 .bss           0x008241d4        0x0 ../TowerDefence_bsp/\libhal_bsp.a(altera_up_avalon_video_character_buffer_with_dma.o)
 .bss           0x008241d4        0x0 ../TowerDefence_bsp/\libhal_bsp.a(altera_up_avalon_video_pixel_buffer_dma.o)
 .bss           0x008241d4        0x0 ../TowerDefence_bsp/\libhal_bsp.a(altera_up_sd_card_avalon_interface.o)
 .bss           0x008241d4        0x0 ../TowerDefence_bsp/\libhal_bsp.a(alt_busy_sleep.o)
 .bss           0x008241d4        0x0 ../TowerDefence_bsp/\libhal_bsp.a(alt_dcache_flush_all.o)
 .bss           0x008241d4        0x0 ../TowerDefence_bsp/\libhal_bsp.a(alt_dev_llist_insert.o)
 .bss           0x008241d4        0x0 ../TowerDefence_bsp/\libhal_bsp.a(alt_do_ctors.o)
 .bss           0x008241d4        0x0 ../TowerDefence_bsp/\libhal_bsp.a(alt_do_dtors.o)
 .bss           0x008241d4        0x0 ../TowerDefence_bsp/\libhal_bsp.a(alt_find_dev.o)
 .bss           0x008241d4        0x0 ../TowerDefence_bsp/\libhal_bsp.a(alt_icache_flush_all.o)
 .bss           0x008241d4        0x0 ../TowerDefence_bsp/\libhal_bsp.a(alt_iic.o)
 .bss           0x008241d4        0x0 ../TowerDefence_bsp/\libhal_bsp.a(alt_iic_isr_register.o)
 .bss           0x008241d4        0x0 ../TowerDefence_bsp/\libhal_bsp.a(alt_io_redirect.o)
 .bss           0x008241d4        0x0 ../TowerDefence_bsp/\libhal_bsp.a(alt_irq_entry.o)
 .bss           0x008241d4        0x0 ../TowerDefence_bsp/\libhal_bsp.a(alt_irq_handler.o)
 .bss           0x008241d4        0x0 ../TowerDefence_bsp/\libhal_bsp.a(alt_irq_vars.o)
 .bss           0x008241d4        0x0 ../TowerDefence_bsp/\libhal_bsp.a(alt_open.o)
 .bss           0x008241d4        0x0 ../TowerDefence_bsp/\libhal_bsp.a(altera_nios2_qsys_irq.o)
 .bss           0x008241d4        0x0 ../TowerDefence_bsp/\libhal_bsp.a(alt_exception_entry.o)
 .bss           0x008241d4        0x0 ../TowerDefence_bsp/\libhal_bsp.a(alt_find_file.o)
 .bss           0x008241d4        0x0 ../TowerDefence_bsp/\libhal_bsp.a(alt_get_fd.o)
 .bss           0x008241d4        0x0 ../TowerDefence_bsp/\libhal_bsp.a(alt_icache_flush.o)
 .bss           0x008241d4        0x0 c:/altera/12.0sp2/nios2eds/bin/gnu/h-i686-mingw32/bin/../lib/gcc/nios2-elf/4.1.2/../../../../nios2-elf/lib\libc.a(lib_a-atexit.o)
 .bss           0x008241d4        0x0 c:/altera/12.0sp2/nios2eds/bin/gnu/h-i686-mingw32/bin/../lib/gcc/nios2-elf/4.1.2/../../../../nios2-elf/lib\libc.a(lib_a-exit.o)
 .bss           0x008241d4        0x0 c:/altera/12.0sp2/nios2eds/bin/gnu/h-i686-mingw32/bin/../lib/gcc/nios2-elf/4.1.2/../../../../nios2-elf/lib\libc.a(lib_a-memcmp.o)
 .bss           0x008241d4        0x0 c:/altera/12.0sp2/nios2eds/bin/gnu/h-i686-mingw32/bin/../lib/gcc/nios2-elf/4.1.2/../../../../nios2-elf/lib\libc.a(lib_a-__atexit.o)
 .bss           0x008241d4        0x0 c:/altera/12.0sp2/nios2eds/bin/gnu/h-i686-mingw32/bin/../lib/gcc/nios2-elf/4.1.2/../../../../nios2-elf/lib\libc.a(lib_a-__call_atexit.o)
 .bss           0x008241d4        0x0 ../TowerDefence_bsp/\libhal_bsp.a(alt_exit.o)
 *(COMMON)
 COMMON         0x008241d4        0x0 obj/default/Env.o
 COMMON         0x008241d4      0x568 ../TowerDefence_bsp/\libhal_bsp.a(altera_up_sd_card_avalon_interface.o)
                0x008241d4                search_data
                0x008241e8                boot_sector_data
                0x0082423c                active_files
 COMMON         0x0082473c      0x100 ../TowerDefence_bsp/\libhal_bsp.a(alt_irq_handler.o)
                0x0082473c                alt_irq
 COMMON         0x0082483c      0x190 c:/altera/12.0sp2/nios2eds/bin/gnu/h-i686-mingw32/bin/../lib/gcc/nios2-elf/4.1.2/../../../../nios2-elf/lib\libc.a(lib_a-atexit.o)
                0x0082483c                _atexit0
                0x008249cc                . = ALIGN (0x4)
                0x008249cc                __bss_end = ABSOLUTE (.)

.sdram          0x008249cc        0x0
                0x008249cc                PROVIDE (_alt_partition_sdram_start, ABSOLUTE (.))
 *(.sdram. sdram.*)
                0x008249cc                . = ALIGN (0x4)
                0x008249cc                PROVIDE (_alt_partition_sdram_end, ABSOLUTE (.))
                0x008249cc                _end = ABSOLUTE (.)
                0x008249cc                end = ABSOLUTE (.)
                0x008249cc                __alt_stack_base = ABSOLUTE (.)
                0x008249cc                PROVIDE (_alt_partition_sdram_load_addr, LOADADDR (.sdram))

.stab
 *(.stab)

.stabstr
 *(.stabstr)

.stab.excl
 *(.stab.excl)

.stab.exclstr
 *(.stab.exclstr)

.stab.index
 *(.stab.index)

.stab.indexstr
 *(.stab.indexstr)

.comment        0x00000000       0x26
 *(.comment)
 .comment       0x00000000       0x26 obj/default/Env.o
                                 0x27 (size before relaxing)
 .comment       0x00000000       0x27 obj/default/Frame.o
 .comment       0x00000000       0x27 obj/default/Game.o
 .comment       0x00000000       0x27 obj/default/GameInfo.o
 .comment       0x00000000       0x27 obj/default/Object.o
 .comment       0x00000000       0x27 obj/default/animation.o
 .comment       0x00000000       0x27 obj/default/hardCode.o
 .comment       0x00000000       0x27 c:/altera/12.0sp2/nios2eds/bin/gnu/h-i686-mingw32/bin/../lib/gcc/nios2-elf/4.1.2/../../../../nios2-elf/lib\libm.a(lib_a-w_sqrt.o)
 .comment       0x00000000       0x27 c:/altera/12.0sp2/nios2eds/bin/gnu/h-i686-mingw32/bin/../lib/gcc/nios2-elf/4.1.2/../../../../nios2-elf/lib\libm.a(lib_a-e_sqrt.o)
 .comment       0x00000000       0x27 c:/altera/12.0sp2/nios2eds/bin/gnu/h-i686-mingw32/bin/../lib/gcc/nios2-elf/4.1.2/../../../../nios2-elf/lib\libm.a(lib_a-s_isnand.o)
 .comment       0x00000000       0x27 c:/altera/12.0sp2/nios2eds/bin/gnu/h-i686-mingw32/bin/../lib/gcc/nios2-elf/4.1.2/../../../../nios2-elf/lib\libm.a(lib_a-s_lib_ver.o)
 .comment       0x00000000       0x27 c:/altera/12.0sp2/nios2eds/bin/gnu/h-i686-mingw32/bin/../lib/gcc/nios2-elf/4.1.2/../../../../nios2-elf/lib\libm.a(lib_a-s_matherr.o)
 .comment       0x00000000       0x27 c:/altera/12.0sp2/nios2eds/bin/gnu/h-i686-mingw32/bin/../lib/gcc/nios2-elf/4.1.2\libgcc.a(_le_sf.o)
 .comment       0x00000000       0x27 c:/altera/12.0sp2/nios2eds/bin/gnu/h-i686-mingw32/bin/../lib/gcc/nios2-elf/4.1.2\libgcc.a(_si_to_sf.o)
 .comment       0x00000000       0x27 c:/altera/12.0sp2/nios2eds/bin/gnu/h-i686-mingw32/bin/../lib/gcc/nios2-elf/4.1.2\libgcc.a(_sf_to_df.o)
 .comment       0x00000000       0x27 c:/altera/12.0sp2/nios2eds/bin/gnu/h-i686-mingw32/bin/../lib/gcc/nios2-elf/4.1.2\libgcc.a(_addsub_df.o)
 .comment       0x00000000       0x27 c:/altera/12.0sp2/nios2eds/bin/gnu/h-i686-mingw32/bin/../lib/gcc/nios2-elf/4.1.2\libgcc.a(_mul_df.o)
 .comment       0x00000000       0x27 c:/altera/12.0sp2/nios2eds/bin/gnu/h-i686-mingw32/bin/../lib/gcc/nios2-elf/4.1.2\libgcc.a(_div_df.o)
 .comment       0x00000000       0x27 c:/altera/12.0sp2/nios2eds/bin/gnu/h-i686-mingw32/bin/../lib/gcc/nios2-elf/4.1.2\libgcc.a(_lt_df.o)
 .comment       0x00000000       0x27 c:/altera/12.0sp2/nios2eds/bin/gnu/h-i686-mingw32/bin/../lib/gcc/nios2-elf/4.1.2\libgcc.a(_make_df.o)
 .comment       0x00000000       0x27 c:/altera/12.0sp2/nios2eds/bin/gnu/h-i686-mingw32/bin/../lib/gcc/nios2-elf/4.1.2\libgcc.a(_df_to_sf.o)
 .comment       0x00000000       0x27 c:/altera/12.0sp2/nios2eds/bin/gnu/h-i686-mingw32/bin/../lib/gcc/nios2-elf/4.1.2\libgcc.a(_thenan_df.o)
 .comment       0x00000000       0x27 c:/altera/12.0sp2/nios2eds/bin/gnu/h-i686-mingw32/bin/../lib/gcc/nios2-elf/4.1.2\libgcc.a(lib2-divmod.o)
 .comment       0x00000000       0x27 c:/altera/12.0sp2/nios2eds/bin/gnu/h-i686-mingw32/bin/../lib/gcc/nios2-elf/4.1.2\libgcc.a(_muldi3.o)
 .comment       0x00000000       0x27 c:/altera/12.0sp2/nios2eds/bin/gnu/h-i686-mingw32/bin/../lib/gcc/nios2-elf/4.1.2\libgcc.a(_clzsi2.o)
 .comment       0x00000000       0x27 c:/altera/12.0sp2/nios2eds/bin/gnu/h-i686-mingw32/bin/../lib/gcc/nios2-elf/4.1.2\libgcc.a(_pack_sf.o)
 .comment       0x00000000       0x27 c:/altera/12.0sp2/nios2eds/bin/gnu/h-i686-mingw32/bin/../lib/gcc/nios2-elf/4.1.2\libgcc.a(_unpack_sf.o)
 .comment       0x00000000       0x27 c:/altera/12.0sp2/nios2eds/bin/gnu/h-i686-mingw32/bin/../lib/gcc/nios2-elf/4.1.2\libgcc.a(_fpcmp_parts_sf.o)
 .comment       0x00000000       0x27 c:/altera/12.0sp2/nios2eds/bin/gnu/h-i686-mingw32/bin/../lib/gcc/nios2-elf/4.1.2\libgcc.a(_make_sf.o)
 .comment       0x00000000       0x27 c:/altera/12.0sp2/nios2eds/bin/gnu/h-i686-mingw32/bin/../lib/gcc/nios2-elf/4.1.2\libgcc.a(_pack_df.o)
 .comment       0x00000000       0x27 c:/altera/12.0sp2/nios2eds/bin/gnu/h-i686-mingw32/bin/../lib/gcc/nios2-elf/4.1.2\libgcc.a(_unpack_df.o)
 .comment       0x00000000       0x27 c:/altera/12.0sp2/nios2eds/bin/gnu/h-i686-mingw32/bin/../lib/gcc/nios2-elf/4.1.2\libgcc.a(_fpcmp_parts_df.o)
 .comment       0x00000000       0x27 c:/altera/12.0sp2/nios2eds/bin/gnu/h-i686-mingw32/bin/../lib/gcc/nios2-elf/4.1.2\libgcc.a(_clz.o)
 .comment       0x00000000       0x27 c:/altera/12.0sp2/nios2eds/bin/gnu/h-i686-mingw32/bin/../lib/gcc/nios2-elf/4.1.2/../../../../nios2-elf/lib\libc.a(lib_a-errno.o)